Archive member included to satisfy reference by file (symbol)

.\CortexM3\ARM_GCC_541\Debug\Node-Rhinoceros.a(CyLib.o)
                              .\CortexM3\ARM_GCC_541\Debug\Cm3Start.o (CyHalt)
.\CortexM3\ARM_GCC_541\Debug\Node-Rhinoceros.a(cyPm.o)
                              .\CortexM3\ARM_GCC_541\Debug\Node-Rhinoceros.a(CyLib.o) (CyPmReadStatus)
.\CortexM3\ARM_GCC_541\Debug\Node-Rhinoceros.a(LCD.o)
                              .\CortexM3\ARM_GCC_541\Debug\can_manager.o (LCD_PrintString)
.\CortexM3\ARM_GCC_541\Debug\Node-Rhinoceros.a(CAN.o)
                              .\CortexM3\ARM_GCC_541\Debug\can_manager.o (CAN_GlobalIntEnable)
.\CortexM3\ARM_GCC_541\Debug\Node-Rhinoceros.a(CAN_INT.o)
                              .\CortexM3\ARM_GCC_541\Debug\Node-Rhinoceros.a(CAN.o) (CAN_ISR)
.\CortexM3\ARM_GCC_541\Debug\Node-Rhinoceros.a(CAN_TX_RX_func.o)
                              .\CortexM3\ARM_GCC_541\Debug\can_manager.o (CAN_SendMsg)
.\CortexM3\ARM_GCC_541\Debug\Node-Rhinoceros.a(CyBootAsmGnu.o)
                              .\CortexM3\ARM_GCC_541\Debug\cyfitter_cfg.o (CyDelayCycles)
.\CortexM3\ARM_GCC_541\Debug\Node-Rhinoceros.a(CyFlash.o)
                              .\CortexM3\ARM_GCC_541\Debug\Node-Rhinoceros.a(cyPm.o) (CyFlash_SetWaitCycles)
.\CortexM3\ARM_GCC_541\Debug\Node-Rhinoceros.a(CySpc.o)
                              .\CortexM3\ARM_GCC_541\Debug\Node-Rhinoceros.a(CyFlash.o) (CySpcStart)
c:/program files (x86)/cypress/psoc creator/4.2/psoc creator/import/gnu/arm/5.4.1/bin/../lib/gcc/arm-none-eabi/5.4.1/../../../../arm-none-eabi/lib/armv7-m\libg_nano.a(lib_a-errno.o)
                              .\CortexM3\ARM_GCC_541\Debug\Cm3Start.o (__errno)
c:/program files (x86)/cypress/psoc creator/4.2/psoc creator/import/gnu/arm/5.4.1/bin/../lib/gcc/arm-none-eabi/5.4.1/../../../../arm-none-eabi/lib/armv7-m\libg_nano.a(lib_a-exit.o)
                              c:/program files (x86)/cypress/psoc creator/4.2/psoc creator/import/gnu/arm/5.4.1/bin/../lib/gcc/arm-none-eabi/5.4.1/../../../../arm-none-eabi/lib/armv7-m/crt0.o (exit)
c:/program files (x86)/cypress/psoc creator/4.2/psoc creator/import/gnu/arm/5.4.1/bin/../lib/gcc/arm-none-eabi/5.4.1/../../../../arm-none-eabi/lib/armv7-m\libg_nano.a(lib_a-impure.o)
                              c:/program files (x86)/cypress/psoc creator/4.2/psoc creator/import/gnu/arm/5.4.1/bin/../lib/gcc/arm-none-eabi/5.4.1/../../../../arm-none-eabi/lib/armv7-m\libg_nano.a(lib_a-exit.o) (_global_impure_ptr)
c:/program files (x86)/cypress/psoc creator/4.2/psoc creator/import/gnu/arm/5.4.1/bin/../lib/gcc/arm-none-eabi/5.4.1/../../../../arm-none-eabi/lib/armv7-m\libg_nano.a(lib_a-init.o)
                              c:/program files (x86)/cypress/psoc creator/4.2/psoc creator/import/gnu/arm/5.4.1/bin/../lib/gcc/arm-none-eabi/5.4.1/../../../../arm-none-eabi/lib/armv7-m/crt0.o (__libc_init_array)
c:/program files (x86)/cypress/psoc creator/4.2/psoc creator/import/gnu/arm/5.4.1/bin/../lib/gcc/arm-none-eabi/5.4.1/../../../../arm-none-eabi/lib/armv7-m\libg_nano.a(lib_a-memcpy-stub.o)
                              .\CortexM3\ARM_GCC_541\Debug\cyfitter_cfg.o (memcpy)
c:/program files (x86)/cypress/psoc creator/4.2/psoc creator/import/gnu/arm/5.4.1/bin/../lib/gcc/arm-none-eabi/5.4.1/../../../../arm-none-eabi/lib/armv7-m\libg_nano.a(lib_a-memset.o)
                              c:/program files (x86)/cypress/psoc creator/4.2/psoc creator/import/gnu/arm/5.4.1/bin/../lib/gcc/arm-none-eabi/5.4.1/../../../../arm-none-eabi/lib/armv7-m/crt0.o (memset)
c:/program files (x86)/cypress/psoc creator/4.2/psoc creator/import/gnu/arm/5.4.1/bin/../lib/gcc/arm-none-eabi/5.4.1/../../../../arm-none-eabi/lib/armv7-m\libg_nano.a(lib_a-sprintf.o)
                              .\CortexM3\ARM_GCC_541\Debug\can_manager.o (sprintf)
c:/program files (x86)/cypress/psoc creator/4.2/psoc creator/import/gnu/arm/5.4.1/bin/../lib/gcc/arm-none-eabi/5.4.1/../../../../arm-none-eabi/lib/armv7-m\libg_nano.a(lib_a-nano-svfprintf.o)
                              c:/program files (x86)/cypress/psoc creator/4.2/psoc creator/import/gnu/arm/5.4.1/bin/../lib/gcc/arm-none-eabi/5.4.1/../../../../arm-none-eabi/lib/armv7-m\libg_nano.a(lib_a-sprintf.o) (_svfprintf_r)
c:/program files (x86)/cypress/psoc creator/4.2/psoc creator/import/gnu/arm/5.4.1/bin/../lib/gcc/arm-none-eabi/5.4.1/../../../../arm-none-eabi/lib/armv7-m\libg_nano.a(lib_a-nano-vfprintf_i.o)
                              c:/program files (x86)/cypress/psoc creator/4.2/psoc creator/import/gnu/arm/5.4.1/bin/../lib/gcc/arm-none-eabi/5.4.1/../../../../arm-none-eabi/lib/armv7-m\libg_nano.a(lib_a-nano-svfprintf.o) (_printf_i)
c:/program files (x86)/cypress/psoc creator/4.2/psoc creator/import/gnu/arm/5.4.1/bin/../lib/gcc/arm-none-eabi/5.4.1/../../../../arm-none-eabi/lib/armv7-m\libg_nano.a(lib_a-memchr-stub.o)
[...]
Memory Configuration

Name             Origin             Length             Attributes
rom              0x00000000         0x00040000         xr
ram              0x1fff8000         0x00010000         xrw
*default*        0x00000000         0xffffffff

Linker script and memory map

LOAD c:/program files (x86)/cypress/psoc creator/4.2/psoc creator/import/gnu/arm/5.4.1/bin/../lib/gcc/arm-none-eabi/5.4.1/armv7-m/crti.o
LOAD c:/program files (x86)/cypress/psoc creator/4.2/psoc creator/import/gnu/arm/5.4.1/bin/../lib/gcc/arm-none-eabi/5.4.1/armv7-m/crtbegin.o
LOAD c:/program files (x86)/cypress/psoc creator/4.2/psoc creator/import/gnu/arm/5.4.1/bin/../lib/gcc/arm-none-eabi/5.4.1/../../../../arm-none-eabi/lib/armv7-m/crt0.o
START GROUP
LOAD .\CortexM3\ARM_GCC_541\Debug\main.o
LOAD .\CortexM3\ARM_GCC_541\Debug\can_manager.o
LOAD .\CortexM3\ARM_GCC_541\Debug\lcd_manager.o
LOAD .\CortexM3\ARM_GCC_541\Debug\cyfitter_cfg.o
LOAD .\CortexM3\ARM_GCC_541\Debug\cymetadata.o
LOAD .\CortexM3\ARM_GCC_541\Debug\Cm3Start.o
LOAD .\CortexM3\ARM_GCC_541\Debug\Node-Rhinoceros.a
LOAD C:\Program Files (x86)\Cypress\PSoC Creator\4.2\PSoC Creator\psoc\content\cycomponentlibrary\CyComponentLibrary.cylib\CortexM3\ARM_GCC_541\Debug\CyComponentLibrary.a
END GROUP
START GROUP
LOAD c:/program files (x86)/cypress/psoc creator/4.2/psoc creator/import/gnu/arm/5.4.1/bin/../lib/gcc/arm-none-eabi/5.4.1/armv7-m\libgcc.a
LOAD c:/program files (x86)/cypress/psoc creator/4.2/psoc creator/import/gnu/arm/5.4.1/bin/../lib/gcc/arm-none-eabi/5.4.1/../../../../arm-none-eabi/lib/armv7-m\libg_nano.a
LOAD c:/program files (x86)/cypress/psoc creator/4.2/psoc creator/import/gnu/arm/5.4.1/bin/../lib/gcc/arm-none-eabi/5.4.1/../../../../arm-none-eabi/lib/armv7-m\libc_nano.a
END GROUP
START GROUP
LOAD c:/program files (x86)/cypress/psoc creator/4.2/psoc creator/import/gnu/arm/5.4.1/bin/../lib/gcc/arm-none-eabi/5.4.1/armv7-m\libgcc.a
LOAD c:/program files (x86)/cypress/psoc creator/4.2/psoc creator/import/gnu/arm/5.4.1/bin/../lib/gcc/arm-none-eabi/5.4.1/../../../../arm-none-eabi/lib/armv7-m\libc_nano.a
END GROUP
LOAD c:/program files (x86)/cypress/psoc creator/4.2/psoc creator/import/gnu/arm/5.4.1/bin/../lib/gcc/arm-none-eabi/5.4.1/armv7-m/crtend.o
LOAD c:/program files (x86)/cypress/psoc creator/4.2/psoc creator/import/gnu/arm/5.4.1/bin/../lib/gcc/arm-none-eabi/5.4.1/armv7-m/crtn.o
START GROUP
LOAD c:/program files (x86)/cypress/psoc creator/4.2/psoc creator/import/gnu/arm/5.4.1/bin/../lib/gcc/arm-none-eabi/5.4.1/armv7-m\libgcc.a
LOAD c:/program files (x86)/cypress/psoc creator/4.2/psoc creator/import/gnu/arm/5.4.1/bin/../lib/gcc/arm-none-eabi/5.4.1/../../../../arm-none-eabi/lib/armv7-m\libc.a
LOAD c:/program files (x86)/cypress/psoc creator/4.2/psoc creator/import/gnu/arm/5.4.1/bin/../lib/gcc/arm-none-eabi/5.4.1/../../../../arm-none-eabi/lib/armv7-m\libnosys.a
END GROUP
                0x00000000                CY_APPL_ORIGIN = 0x0
                0x00000100                CY_FLASH_ROW_SIZE = 0x100
                0x00000020                CY_ECC_ROW_SIZE = 0x20
                0x00000000                CY_EE_IN_BTLDR = 0x0
                0x00000000                CY_APPL_LOADABLE = 0x0
                0x00000800                CY_EE_SIZE = 0x800
                0x00000001                CY_APPL_NUM = 0x1
                0x00000001                CY_APPL_MAX = 0x1
                0x00000040                CY_METADATA_SIZE = 0x40
                0x00000000                CY_APPL_LOADABLE = 0x0
                0x00000000                CY_CHECKSUM_EXCLUDE_SIZE = ALIGN (0x0, CY_FLASH_ROW_SIZE)
                [!provide]                PROVIDE (__cy_heap_start, _end)
                0x00000001                PROVIDE (__cy_region_num, ((__cy_regions_end - __cy_regions) / 0x10))
                0x20008000                PROVIDE (__cy_stack, (ORIGIN (ram) + LENGTH (ram)))
                [!provide]                PROVIDE (__cy_heap_end, (__cy_stack - 0x800))

.cybootloader   0x00000000        0x0
 *(.cybootloader)
                0x00000000                appl1_start = CY_APPL_ORIGIN?CY_APPL_ORIGIN:ALIGN (CY_FLASH_ROW_SIZE)
                0x0001ff00                appl2_start = (appl1_start + ALIGN ((((LENGTH (rom) - appl1_start) - (0x2 * CY_FLASH_ROW_SIZE)) / 0x2), CY_FLASH_ROW_SIZE))
                0x00000000                appl_start = (CY_APPL_NUM == 0x1)?appl1_start:appl2_start
                0x00000000                ecc_offset = ((appl_start / CY_FLASH_ROW_SIZE) * CY_ECC_ROW_SIZE)
                0x00000000                ee_offset = (CY_APPL_LOADABLE && ! (CY_EE_IN_BTLDR))?((CY_EE_SIZE / CY_APPL_MAX) * (CY_APPL_NUM - 0x1)):0x0
                0x00000800                ee_size = (CY_APPL_LOADABLE && ! (CY_EE_IN_BTLDR))?(CY_EE_SIZE / CY_APPL_MAX):CY_EE_SIZE
                [!provide]                PROVIDE (CY_ECC_OFFSET, ecc_offset)

.text           0x00000000     0x1850
 CREATE_OBJECT_SYMBOLS
                0x00000000                PROVIDE (__cy_interrupt_vector, RomVectors)
 *(.romvectors)
 .romvectors    0x00000000       0x10 .\CortexM3\ARM_GCC_541\Debug\Cm3Start.o
                0x00000000                RomVectors
                0x00000001                ASSERT ((. != __cy_interrupt_vector), No interrupt vector)
                0x00000001                ASSERT (CY_APPL_ORIGIN?(SIZEOF (.cybootloader) <= CY_APPL_ORIGIN):0x1, Wrong image location)
                0x00000010                PROVIDE (__cy_reset, Reset)
 *(.text.Reset)
 .text.Reset    0x00000010       0x18 .\CortexM3\ARM_GCC_541\Debug\Cm3Start.o
                0x00000010                Reset
                0x00000001                ASSERT ((. != __cy_reset), No reset code)
 *(.dma_init)
                0x00000001                ASSERT ((((appl_start + .) <= 0x10000) || 0x1), DMA Init must be within the first 64k of flash)
 *(.text .text.* .gnu.linkonce.t.*)
 .text          0x00000028       0x5c c:/program files (x86)/cypress/psoc creator/4.2/psoc creator/import/gnu/arm/5.4.1/bin/../lib/gcc/arm-none-eabi/5.4.1/armv7-m/crtbegin.o
 .text.main     0x00000084       0x58 .\CortexM3\ARM_GCC_541\Debug\main.o
                0x00000084                main
 .text.can_msg_init
                0x000000dc       0x1c .\CortexM3\ARM_GCC_541\Debug\can_manager.o
                0x000000dc                can_msg_init
 .text.can_init
                0x000000f8       0x48 .\CortexM3\ARM_GCC_541\Debug\can_manager.o
                0x000000f8                can_init
 .text.can_compare
                0x00000140       0xa4 .\CortexM3\ARM_GCC_541\Debug\can_manager.o
                0x00000140                can_compare
 .text.can_process_BMS_STATUS
                0x000001e4       0x30 .\CortexM3\ARM_GCC_541\Debug\can_manager.o
                0x000001e4                can_process_BMS_STATUS
 .text.can_process_BMS_CURR
                0x00000214       0x48 .\CortexM3\ARM_GCC_541\Debug\can_manager.o
                0x00000214                can_process_BMS_CURR
 .text.can_process_BMS_VOLT
                0x0000025c       0x74 .\CortexM3\ARM_GCC_541\Debug\can_manager.o
                0x0000025c                can_process_BMS_VOLT
 .text.can_process_BMS_TEMP
                0x000002d0       0x1c .\CortexM3\ARM_GCC_541\Debug\can_manager.o
                0x000002d0                can_process_BMS_TEMP
 .text.can_process_SOC
                0x000002ec       0x14 .\CortexM3\ARM_GCC_541\Debug\can_manager.o
                0x000002ec                can_process_SOC
 .text.can_process
                0x00000300       0xa4 .\CortexM3\ARM_GCC_541\Debug\can_manager.o
                0x00000300                can_process
 .text.lcd_init
                0x000003a4       0x4c .\CortexM3\ARM_GCC_541\Debug\lcd_manager.o
                0x000003a4                lcd_init
 .text.lcd_print_bms
                0x000003f0       0x4c .\CortexM3\ARM_GCC_541\Debug\lcd_manager.o
                0x000003f0                lcd_print_bms
 .text.CyClockStartupError
                0x0000043c        0x4 .\CortexM3\ARM_GCC_541\Debug\cyfitter_cfg.o
 .text.cfg_write_bytes32
                0x00000440       0x34 .\CortexM3\ARM_GCC_541\Debug\cyfitter_cfg.o
 .text.AnalogSetDefault
                0x00000474       0x28 .\CortexM3\ARM_GCC_541\Debug\cyfitter_cfg.o
 .text.CYMEMZERO
                0x0000049c        0xc .\CortexM3\ARM_GCC_541\Debug\cyfitter_cfg.o
 .text.ClockSetup
                0x000004a8       0x9c .\CortexM3\ARM_GCC_541\Debug\cyfitter_cfg.o
 .text.CYCONFIGCPY
                0x00000544        0x8 .\CortexM3\ARM_GCC_541\Debug\cyfitter_cfg.o
 .text.cyfitter_cfg
                0x0000054c       0xe8 .\CortexM3\ARM_GCC_541\Debug\cyfitter_cfg.o
                0x0000054c                cyfitter_cfg
 .text.IntDefaultHandler
                0x00000634       0x10 .\CortexM3\ARM_GCC_541\Debug\Cm3Start.o
                0x00000634                IntDefaultHandler
 .text._sbrk    0x00000644       0x30 .\CortexM3\ARM_GCC_541\Debug\Cm3Start.o
                0x00000644                _sbrk
 .text.Start_c  0x00000674       0x4c .\CortexM3\ARM_GCC_541\Debug\Cm3Start.o
                0x00000674                Start_c
 .text.initialize_psoc
                0x000006c0       0x68 .\CortexM3\ARM_GCC_541\Debug\Cm3Start.o
                0x000006c0                initialize_psoc
 .text.CyHalt   0x00000728        0x4 .\CortexM3\ARM_GCC_541\Debug\Node-Rhinoceros.a(CyLib.o)
                0x00000728                CyHalt
 .text.CyDelay  0x0000072c       0x2c .\CortexM3\ARM_GCC_541\Debug\Node-Rhinoceros.a(CyLib.o)
                0x0000072c                CyDelay
 .text.CyDelayUs
                0x00000758       0x14 .\CortexM3\ARM_GCC_541\Debug\Node-Rhinoceros.a(CyLib.o)
                0x00000758                CyDelayUs
 .text.CyIntSetVector
                0x0000076c       0x28 .\CortexM3\ARM_GCC_541\Debug\Node-Rhinoceros.a(CyLib.o)
                0x0000076c                CyIntSetVector
 .text.CyIntSetPriority
                0x00000794       0x30 .\CortexM3\ARM_GCC_541\Debug\Node-Rhinoceros.a(CyLib.o)
                0x00000794                CyIntSetPriority
 .text.LCD_WrCntrlNib
                0x000007c4       0x34 .\CortexM3\ARM_GCC_541\Debug\Node-Rhinoceros.a(LCD.o)
 .text.LCD_WrDatNib
                0x000007f8       0x44 .\CortexM3\ARM_GCC_541\Debug\Node-Rhinoceros.a(LCD.o)
 .text.LCD_IsReady
                0x0000083c       0xe4 .\CortexM3\ARM_GCC_541\Debug\Node-Rhinoceros.a(LCD.o)
                0x0000083c                LCD_IsReady
 .text.LCD_WriteData
                0x00000920       0x18 .\CortexM3\ARM_GCC_541\Debug\Node-Rhinoceros.a(LCD.o)
                0x00000920                LCD_WriteData
 .text.LCD_PrintString
                0x00000938       0x1c .\CortexM3\ARM_GCC_541\Debug\Node-Rhinoceros.a(LCD.o)
                0x00000938                LCD_PrintString
 .text.LCD_PutChar
                0x00000954        0x8 .\CortexM3\ARM_GCC_541\Debug\Node-Rhinoceros.a(LCD.o)
                0x00000954                LCD_PutChar
 .text.LCD_WriteControl
                0x0000095c       0x18 .\CortexM3\ARM_GCC_541\Debug\Node-Rhinoceros.a(LCD.o)
                0x0000095c                LCD_WriteControl
 .text.LCD_Init
                0x00000974       0x6c .\CortexM3\ARM_GCC_541\Debug\Node-Rhinoceros.a(LCD.o)
                0x00000974                LCD_Init
 .text.LCD_Enable
                0x000009e0       0x14 .\CortexM3\ARM_GCC_541\Debug\Node-Rhinoceros.a(LCD.o)
                0x000009e0                LCD_Enable
 .text.LCD_Start
                0x000009f4       0x1c .\CortexM3\ARM_GCC_541\Debug\Node-Rhinoceros.a(LCD.o)
                0x000009f4                LCD_Start
 .text.LCD_Position
                0x00000a10       0x3c .\CortexM3\ARM_GCC_541\Debug\Node-Rhinoceros.a(LCD.o)
                0x00000a10                LCD_Position
 .text.LCD_PrintInt8
                0x00000a4c       0x20 .\CortexM3\ARM_GCC_541\Debug\Node-Rhinoceros.a(LCD.o)
                0x00000a4c                LCD_PrintInt8
 .text.CAN_GlobalIntEnable
                0x00000a6c       0x20 .\CortexM3\ARM_GCC_541\Debug\Node-Rhinoceros.a(CAN.o)
                0x00000a6c                CAN_GlobalIntEnable
 .text.CAN_Enable
                0x00000a8c       0x6c .\CortexM3\ARM_GCC_541\Debug\Node-Rhinoceros.a(CAN.o)
                0x00000a8c                CAN_Enable
 .text.CAN_SetPreScaler
                0x00000af8       0x24 .\CortexM3\ARM_GCC_541\Debug\Node-Rhinoceros.a(CAN.o)
                0x00000af8                CAN_SetPreScaler
 .text.CAN_SetArbiter
                0x00000b1c       0x3c .\CortexM3\ARM_GCC_541\Debug\Node-Rhinoceros.a(CAN.o)
                0x00000b1c                CAN_SetArbiter
 .text.CAN_SetTsegSample
                0x00000b58       0x84 .\CortexM3\ARM_GCC_541\Debug\Node-Rhinoceros.a(CAN.o)
                0x00000b58                CAN_SetTsegSample
 .text.CAN_SetRestartType
                0x00000bdc       0x3c .\CortexM3\ARM_GCC_541\Debug\Node-Rhinoceros.a(CAN.o)
                0x00000bdc                CAN_SetRestartType
 .text.CAN_SetEdgeMode
                0x00000c18       0x3c .\CortexM3\ARM_GCC_541\Debug\Node-Rhinoceros.a(CAN.o)
                0x00000c18                CAN_SetEdgeMode
 .text.CAN_SetIrqMask
                0x00000c54       0x18 .\CortexM3\ARM_GCC_541\Debug\Node-Rhinoceros.a(CAN.o)
                0x00000c54                CAN_SetIrqMask
 .text.CAN_RxBufConfig
                0x00000c6c       0x90 .\CortexM3\ARM_GCC_541\Debug\Node-Rhinoceros.a(CAN.o)
                0x00000c6c                CAN_RxBufConfig
 .text.CAN_TxBufConfig
                0x00000cfc       0x54 .\CortexM3\ARM_GCC_541\Debug\Node-Rhinoceros.a(CAN.o)
                0x00000cfc                CAN_TxBufConfig
 .text.CAN_RxTxBuffersConfig
                0x00000d50       0x50 .\CortexM3\ARM_GCC_541\Debug\Node-Rhinoceros.a(CAN.o)
                0x00000d50                CAN_RxTxBuffersConfig
 .text.CAN_Init
                0x00000da0       0xe4 .\CortexM3\ARM_GCC_541\Debug\Node-Rhinoceros.a(CAN.o)
                0x00000da0                CAN_Init
 .text.CAN_Start
                0x00000e84       0x24 .\CortexM3\ARM_GCC_541\Debug\Node-Rhinoceros.a(CAN.o)
                0x00000e84                CAN_Start
 .text.CAN_MsgRXIsr
                0x00000ea8       0x44 .\CortexM3\ARM_GCC_541\Debug\Node-Rhinoceros.a(CAN_INT.o)
                0x00000ea8                CAN_MsgRXIsr
 .text.CAN_ISR  0x00000eec       0x18 .\CortexM3\ARM_GCC_541\Debug\Node-Rhinoceros.a(CAN_INT.o)
                0x00000eec                CAN_ISR
 .text.CAN_ReceiveMsg
                0x00000f04       0x64 .\CortexM3\ARM_GCC_541\Debug\Node-Rhinoceros.a(CAN_TX_RX_func.o)
                0x00000f04                CAN_ReceiveMsg
 .text          0x00000f68       0x20 .\CortexM3\ARM_GCC_541\Debug\Node-Rhinoceros.a(CyBootAsmGnu.o)
                0x00000f68                CyDelayCycles
                0x00000f78                CyEnterCriticalSection
                0x00000f80                CyExitCriticalSection
 .text.__errno  0x00000f88        0xc c:/program files (x86)/cypress/psoc creator/4.2/psoc creator/import/gnu/arm/5.4.1/bin/../lib/gcc/arm-none-eabi/5.4.1/../../../../arm-none-eabi/lib/armv7-m\libg_nano.a(lib_a-errno.o)
                0x00000f88                __errno
 .text.__libc_init_array
                0x00000f94       0x4c c:/program files (x86)/cypress/psoc creator/4.2/psoc creator/import/gnu/arm/5.4.1/bin/../lib/gcc/arm-none-eabi/5.4.1/../../../../arm-none-eabi/lib/armv7-m\libg_nano.a(lib_a-init.o)
                0x00000f94                __libc_init_array
 .text.memcpy   0x00000fe0       0x16 c:/program files (x86)/cypress/psoc creator/4.2/psoc creator/import/gnu/arm/5.4.1/bin/../lib/gcc/arm-none-eabi/5.4.1/../../../../arm-none-eabi/lib/armv7-m\libg_nano.a(lib_a-memcpy-stub.o)
                0x00000fe0                memcpy
 .text.memset   0x00000ff6       0x10 c:/program files (x86)/cypress/psoc creator/4.2/psoc creator/import/gnu/arm/5.4.1/bin/../lib/gcc/arm-none-eabi/5.4.1/../../../../arm-none-eabi/lib/armv7-m\libg_nano.a(lib_a-memset.o)
                0x00000ff6                memset
 *fill*         0x00001006        0x2 
 .text.sprintf  0x00001008       0x48 c:/program files (x86)/cypress/psoc creator/4.2/psoc creator/import/gnu/arm/5.4.1/bin/../lib/gcc/arm-none-eabi/5.4.1/../../../../arm-none-eabi/lib/armv7-m\libg_nano.a(lib_a-sprintf.o)
                0x00001008                siprintf
                0x00001008                sprintf
 .text.__ssputs_r
                0x00001050       0xb2 c:/program files (x86)/cypress/psoc creator/4.2/psoc creator/import/gnu/arm/5.4.1/bin/../lib/gcc/arm-none-eabi/5.4.1/../../../../arm-none-eabi/lib/armv7-m\libg_nano.a(lib_a-nano-svfprintf.o)
                0x00001050                __ssputs_r
 *fill*         0x00001102        0x2 
 .text._svfprintf_r
                0x00001104      0x1e8 c:/program files (x86)/cypress/psoc creator/4.2/psoc creator/import/gnu/arm/5.4.1/bin/../lib/gcc/arm-none-eabi/5.4.1/../../../../arm-none-eabi/lib/armv7-m\libg_nano.a(lib_a-nano-svfprintf.o)
                0x00001104                _svfiprintf_r
                0x00001104                _svfprintf_r
 .text._printf_common
                0x000012ec       0xec c:/program files (x86)/cypress/psoc creator/4.2/psoc creator/import/gnu/arm/5.4.1/bin/../lib/gcc/arm-none-eabi/5.4.1/../../../../arm-none-eabi/lib/armv7-m\libg_nano.a(lib_a-nano-vfprintf_i.o)
                0x000012ec                _printf_common
 .text._printf_i
                0x000013d8      0x24c c:/program files (x86)/cypress/psoc creator/4.2/psoc creator/import/gnu/arm/5.4.1/bin/../lib/gcc/arm-none-eabi/5.4.1/../../../../arm-none-eabi/lib/armv7-m\libg_nano.a(lib_a-nano-vfprintf_i.o)
                0x000013d8                _printf_i
 .text.memchr   0x00001624       0x1c c:/program files (x86)/cypress/psoc creator/4.2/psoc creator/import/gnu/arm/5.4.1/bin/../lib/gcc/arm-none-eabi/5.4.1/../../../../arm-none-eabi/lib/armv7-m\libg_nano.a(lib_a-memchr-stub.o)
                0x00001624                memchr
 .text.memmove  0x00001640       0x36 c:/program files (x86)/cypress/psoc creator/4.2/psoc creator/import/gnu/arm/5.4.1/bin/../lib/gcc/arm-none-eabi/5.4.1/../../../../arm-none-eabi/lib/armv7-m\libg_nano.a(lib_a-memmove.o)
                0x00001640                memmove
 *fill*         0x00001676        0x2 
 .text._free_r  0x00001678       0x98 c:/program files (x86)/cypress/psoc creator/4.2/psoc creator/import/gnu/arm/5.4.1/bin/../lib/gcc/arm-none-eabi/5.4.1/../../../../arm-none-eabi/lib/armv7-m\libg_nano.a(lib_a-nano-freer.o)
                0x00001678                _free_r
 .text._malloc_r
                0x00001710       0xbc c:/program files (x86)/cypress/psoc creator/4.2/psoc creator/import/gnu/arm/5.4.1/bin/../lib/gcc/arm-none-eabi/5.4.1/../../../../arm-none-eabi/lib/armv7-m\libg_nano.a(lib_a-nano-mallocr.o)
                0x00001710                _malloc_r
 .text._realloc_r
                0x000017cc       0x4c c:/program files (x86)/cypress/psoc creator/4.2/psoc creator/import/gnu/arm/5.4.1/bin/../lib/gcc/arm-none-eabi/5.4.1/../../../../arm-none-eabi/lib/armv7-m\libg_nano.a(lib_a-nano-reallocr.o)
                0x000017cc                _realloc_r
 .text._sbrk_r  0x00001818       0x20 c:/program files (x86)/cypress/psoc creator/4.2/psoc creator/import/gnu/arm/5.4.1/bin/../lib/gcc/arm-none-eabi/5.4.1/../../../../arm-none-eabi/lib/armv7-m\libg_nano.a(lib_a-sbrkr.o)
                0x00001818                _sbrk_r
 .text.__malloc_lock
                0x00001838        0x2 c:/program files (x86)/cypress/psoc creator/4.2/psoc creator/import/gnu/arm/5.4.1/bin/../lib/gcc/arm-none-eabi/5.4.1/../../../../arm-none-eabi/lib/armv7-m\libg_nano.a(lib_a-mlock.o)
                0x00001838                __malloc_lock
 .text.__malloc_unlock
                0x0000183a        0x2 c:/program files (x86)/cypress/psoc creator/4.2/psoc creator/import/gnu/arm/5.4.1/bin/../lib/gcc/arm-none-eabi/5.4.1/../../../../arm-none-eabi/lib/armv7-m\libg_nano.a(lib_a-mlock.o)
                0x0000183a                __malloc_unlock
 .text._malloc_usable_size_r
                0x0000183c       0x14 c:/program files (x86)/cypress/psoc creator/4.2/psoc creator/import/gnu/arm/5.4.1/bin/../lib/gcc/arm-none-eabi/5.4.1/../../../../arm-none-eabi/lib/armv7-m\libg_nano.a(lib_a-nano-msizer.o)
                0x0000183c                _malloc_usable_size_r
 *(.plt)
 *(.gnu.warning)
 *(.glue_7t)
 .glue_7t       0x00001850        0x0 linker stubs
 *(.glue_7)
 .glue_7        0x00001850        0x0 linker stubs
 *(.vfp11_veneer)
 .vfp11_veneer  0x00001850        0x0 linker stubs
 *(.bootloader)
 *(.ARM.extab* .gnu.linkonce.armextab.*)
 *(.gcc_except_table)

.v4_bx          0x00001850        0x0
 .v4_bx         0x00001850        0x0 linker stubs

.iplt           0x00001850        0x0
 .iplt          0x00001850        0x0 c:/program files (x86)/cypress/psoc creator/4.2/psoc creator/import/gnu/arm/5.4.1/bin/../lib/gcc/arm-none-eabi/5.4.1/armv7-m/crtbegin.o

.eh_frame_hdr
 *(.eh_frame_hdr)

.eh_frame       0x00001850        0x4
 *(.eh_frame)
 .eh_frame      0x00001850        0x0 c:/program files (x86)/cypress/psoc creator/4.2/psoc creator/import/gnu/arm/5.4.1/bin/../lib/gcc/arm-none-eabi/5.4.1/armv7-m/crtbegin.o
 .eh_frame      0x00001850        0x4 c:/program files (x86)/cypress/psoc creator/4.2/psoc creator/import/gnu/arm/5.4.1/bin/../lib/gcc/arm-none-eabi/5.4.1/armv7-m/crtend.o
                [!provide]                PROVIDE (__exidx_start, .)

.ARM.exidx
 *(.ARM.exidx* .gnu.linkonce.armexidx.*)
                0x00001854                __exidx_end = .

.rodata         0x00001854      0x28c
 *(.rodata .rodata.* .gnu.linkonce.r.*)
 .rodata.str1.4
                0x00001854       0x23 .\CortexM3\ARM_GCC_541\Debug\can_manager.o
 *fill*         0x00001877        0x1 
 .rodata.str1.4
                0x00001878       0x54 .\CortexM3\ARM_GCC_541\Debug\lcd_manager.o
                                 0x51 (size before relaxing)
 .rodata        0x000018cc       0x36 .\CortexM3\ARM_GCC_541\Debug\cyfitter_cfg.o
 *fill*         0x00001902        0x2 
 .rodata        0x00001904       0x10 .\CortexM3\ARM_GCC_541\Debug\Node-Rhinoceros.a(LCD.o)
 .rodata        0x00001914      0x160 .\CortexM3\ARM_GCC_541\Debug\Node-Rhinoceros.a(CAN.o)
 .rodata.str1.1
                0x00001a74        0x2 c:/program files (x86)/cypress/psoc creator/4.2/psoc creator/import/gnu/arm/5.4.1/bin/../lib/gcc/arm-none-eabi/5.4.1/../../../../arm-none-eabi/lib/armv7-m\libg_nano.a(lib_a-impure.o)
 .rodata.str1.1
                0x00001a76       0x11 c:/program files (x86)/cypress/psoc creator/4.2/psoc creator/import/gnu/arm/5.4.1/bin/../lib/gcc/arm-none-eabi/5.4.1/../../../../arm-none-eabi/lib/armv7-m\libg_nano.a(lib_a-nano-svfprintf.o)
 .rodata.str1.1
                0x00001a87       0x22 c:/program files (x86)/cypress/psoc creator/4.2/psoc creator/import/gnu/arm/5.4.1/bin/../lib/gcc/arm-none-eabi/5.4.1/../../../../arm-none-eabi/lib/armv7-m\libg_nano.a(lib_a-nano-vfprintf_i.o)
                0x00001aac                . = ALIGN (0x4)
 *fill*         0x00001aa9        0x3 
 *(.init)
 .init          0x00001aac        0x4 c:/program files (x86)/cypress/psoc creator/4.2/psoc creator/import/gnu/arm/5.4.1/bin/../lib/gcc/arm-none-eabi/5.4.1/armv7-m/crti.o
                0x00001aac                _init
 .init          0x00001ab0        0x8 c:/program files (x86)/cypress/psoc creator/4.2/psoc creator/import/gnu/arm/5.4.1/bin/../lib/gcc/arm-none-eabi/5.4.1/armv7-m/crtn.o
                0x00001ab8                . = ALIGN (0x4)
                0x00001ab8                __preinit_array_start = .
 *(.preinit_array)
                0x00001ab8                __preinit_array_end = .
                0x00001ab8                . = ALIGN (0x4)
                0x00001ab8                __init_array_start = .
 *(SORT(.init_array.*))
 *(.init_array)
 .init_array    0x00001ab8        0x4 c:/program files (x86)/cypress/psoc creator/4.2/psoc creator/import/gnu/arm/5.4.1/bin/../lib/gcc/arm-none-eabi/5.4.1/armv7-m/crtbegin.o
 .init_array    0x00001abc        0x4 .\CortexM3\ARM_GCC_541\Debug\Cm3Start.o
                0x00001ac0                __init_array_end = .
                0x00001ac0                . = ALIGN (0x4)
 *(.fini)
 .fini          0x00001ac0        0x4 c:/program files (x86)/cypress/psoc creator/4.2/psoc creator/import/gnu/arm/5.4.1/bin/../lib/gcc/arm-none-eabi/5.4.1/armv7-m/crti.o
                0x00001ac0                _fini
 .fini          0x00001ac4        0x8 c:/program files (x86)/cypress/psoc creator/4.2/psoc creator/import/gnu/arm/5.4.1/bin/../lib/gcc/arm-none-eabi/5.4.1/armv7-m/crtn.o
                0x00001acc                . = ALIGN (0x4)
                0x00001acc                __fini_array_start = .
 *(.fini_array)
 .fini_array    0x00001acc        0x4 c:/program files (x86)/cypress/psoc creator/4.2/psoc creator/import/gnu/arm/5.4.1/bin/../lib/gcc/arm-none-eabi/5.4.1/armv7-m/crtbegin.o
 *(SORT(.fini_array.*))
                0x00001ad0                __fini_array_end = .
                0x00001ad0                . = ALIGN (0x4)
 *crtbegin.o(.ctors)
 *(EXCLUDE_FILE(*crtend.o) .ctors)
 *(SORT(.ctors.*))
 *crtend.o(.ctors)
                0x00001ad0                . = ALIGN (0x4)
 *crtbegin.o(.dtors)
 *(EXCLUDE_FILE(*crtend.o) .dtors)
 *(SORT(.dtors.*))
 *crtend.o(.dtors)
                0x00001ad0                . = ALIGN (0x4)
                0x00001ad0                __cy_regions = .
                0x00001ad0        0x4 LONG 0x1ae0 __cy_region_init_ram
                0x00001ad4        0x4 LONG 0x1fff80c8 __cy_region_start_data
                0x00001ad8        0x4 LONG 0x440 __cy_region_init_size_ram
                0x00001adc        0x4 LONG 0x80 __cy_region_zero_size_ram
                0x00001ae0                __cy_regions_end = .
                0x00001ae0                . = ALIGN (0x8)
                0x00001ae0                _etext = .

.cy_checksum_exclude
                0x00001ae0        0x0
 *(.cy_checksum_exclude)

.ramvectors     0x1fff8000       0xc0
                0x1fff8000                __cy_region_start_ram = .
 *(.ramvectors)
 .ramvectors    0x1fff8000       0xc0 .\CortexM3\ARM_GCC_541\Debug\Cm3Start.o
                0x1fff8000                CyRamVectors

.noinit         0x1fff80c0        0x1
 *(.noinit)
 .noinit        0x1fff80c0        0x1 .\CortexM3\ARM_GCC_541\Debug\Node-Rhinoceros.a(CyLib.o)
                0x1fff80c0                CyResetStatus

.data           0x1fff80c8      0x440 load address 0x00001ae0
                0x1fff80c8                __cy_region_start_data = .
 *(.jcr)
 .jcr           0x1fff80c8        0x0 c:/program files (x86)/cypress/psoc creator/4.2/psoc creator/import/gnu/arm/5.4.1/bin/../lib/gcc/arm-none-eabi/5.4.1/armv7-m/crtbegin.o
 .jcr           0x1fff80c8        0x4 c:/program files (x86)/cypress/psoc creator/4.2/psoc creator/import/gnu/arm/5.4.1/bin/../lib/gcc/arm-none-eabi/5.4.1/armv7-m/crtend.o
 *(.got.plt)
 *(.got)
 *(.shdata)
 *(.data .data.* .gnu.linkonce.d.*)
 .data          0x1fff80cc      0x3c0 .\CortexM3\ARM_GCC_541\Debug\main.o
                0x1fff80cc                SOC_LUT
 .data          0x1fff848c        0x4 .\CortexM3\ARM_GCC_541\Debug\Cm3Start.o
 .data          0x1fff8490       0x10 .\CortexM3\ARM_GCC_541\Debug\Node-Rhinoceros.a(CyLib.o)
                0x1fff8490                cydelay_32k_ms
                0x1fff8494                cydelay_freq_khz
                0x1fff8498                cydelay_freq_mhz
                0x1fff849c                cydelay_freq_hz
 .data.impure_data
                0x1fff84a0       0x60 c:/program files (x86)/cypress/psoc creator/4.2/psoc creator/import/gnu/arm/5.4.1/bin/../lib/gcc/arm-none-eabi/5.4.1/../../../../arm-none-eabi/lib/armv7-m\libg_nano.a(lib_a-impure.o)
 .data._impure_ptr
                0x1fff8500        0x4 c:/program files (x86)/cypress/psoc creator/4.2/psoc creator/import/gnu/arm/5.4.1/bin/../lib/gcc/arm-none-eabi/5.4.1/../../../../arm-none-eabi/lib/armv7-m\libg_nano.a(lib_a-impure.o)
                0x1fff8500                _impure_ptr
                0x1fff8508                . = ALIGN (0x8)
 *fill*         0x1fff8504        0x4 
 *(.ram)
                0x1fff8508                _edata = .

.igot.plt       0x1fff8508        0x0 load address 0x00001f20
 .igot.plt      0x1fff8508        0x0 c:/program files (x86)/cypress/psoc creator/4.2/psoc creator/import/gnu/arm/5.4.1/bin/../lib/gcc/arm-none-eabi/5.4.1/armv7-m/crtbegin.o

.bss            0x1fff8508       0x80 load address 0x00001f20
                0x1fff8508                PROVIDE (__bss_start__, .)
 *(.shbss)
 *(.bss .bss.* .gnu.linkonce.b.*)
 .bss           0x1fff8508       0x1c c:/program files (x86)/cypress/psoc creator/4.2/psoc creator/import/gnu/arm/5.4.1/bin/../lib/gcc/arm-none-eabi/5.4.1/armv7-m/crtbegin.o
 .bss           0x1fff8524        0x5 .\CortexM3\ARM_GCC_541\Debug\main.o
                0x1fff8524                voltage
                0x1fff8528                charge
 .bss           0x1fff8529        0x2 .\CortexM3\ARM_GCC_541\Debug\Node-Rhinoceros.a(LCD.o)
                0x1fff8529                LCD_enableState
                0x1fff852a                LCD_initVar
 .bss           0x1fff852b        0x1 .\CortexM3\ARM_GCC_541\Debug\Node-Rhinoceros.a(CAN.o)
                0x1fff852b                CAN_initVar
 .bss.__malloc_sbrk_start
                0x1fff852c        0x4 c:/program files (x86)/cypress/psoc creator/4.2/psoc creator/import/gnu/arm/5.4.1/bin/../lib/gcc/arm-none-eabi/5.4.1/../../../../arm-none-eabi/lib/armv7-m\libg_nano.a(lib_a-nano-mallocr.o)
                0x1fff852c                __malloc_sbrk_start
 .bss.__malloc_free_list
                0x1fff8530        0x4 c:/program files (x86)/cypress/psoc creator/4.2/psoc creator/import/gnu/arm/5.4.1/bin/../lib/gcc/arm-none-eabi/5.4.1/../../../../arm-none-eabi/lib/armv7-m\libg_nano.a(lib_a-nano-mallocr.o)
                0x1fff8530                __malloc_free_list
 *(COMMON)
 COMMON         0x1fff8534       0x50 .\CortexM3\ARM_GCC_541\Debug\can_manager.o
                0x1fff8534                BMS_CURRENT
                0x1fff8544                BMS_STATUS
                0x1fff8554                BMS_VOLTAGE
                0x1fff8564                BMS_TEMP
                0x1fff8574                SOC
 COMMON         0x1fff8584        0x4 c:/program files (x86)/cypress/psoc creator/4.2/psoc creator/import/gnu/arm/5.4.1/bin/../lib/gcc/arm-none-eabi/5.4.1/../../../../arm-none-eabi/lib/armv7-m\libg_nano.a(lib_a-reent.o)
                0x1fff8584                errno
                0x1fff8588                . = ALIGN (0x8)
 *(.ram.b)
                0x1fff8588                _end = .
                0x1fff8588                __end = .
                0x1fff8588                PROVIDE (end, .)
                0x1fff8588                PROVIDE (__bss_end__, .)
                0x00001ae0                __cy_region_init_ram = LOADADDR (.data)
                0x00000440                __cy_region_init_size_ram = (_edata - ADDR (.data))
                0x00000080                __cy_region_zero_size_ram = (_end - _edata)

.heap           0x1fff8588       0x80 load address 0x00001f20
                0x1fff8588                . = _end
                0x1fff8608                . = (. + 0x80)
 *fill*         0x1fff8588       0x80 
                0x1fff8608                __cy_heap_limit = .

.stack          0x20007800      0x800
                0x20007800                __cy_stack_limit = .
                0x20008000                . = (. + 0x800)
 *fill*         0x20007800      0x800 
                0x00000001                ASSERT ((__cy_stack_limit >= __cy_heap_limit), region RAM overflowed with stack)
                0x00000000                cy_checksum_exclude_size = (CY_APPL_LOADABLE == 0x1)?SIZEOF (.cy_checksum_exclude):0x0
                0x00000001                ASSERT ((cy_checksum_exclude_size <= CY_CHECKSUM_EXCLUDE_SIZE), CY_BOOT: Section .cy_checksum_exclude size exceedes specified limit.)

.cyloadermeta
 *(.cyloadermeta)

.cyloadablemeta
 *(.cyloadablemeta)

.cyconfigecc    0x80000000       0x90
 *(.cyconfigecc)
 .cyconfigecc   0x80000000       0x90 .\CortexM3\ARM_GCC_541\Debug\cymetadata.o
                0x80000000                cy_meta_configecc

.cycustnvl      0x90000000        0x4
 *(.cycustnvl)
 .cycustnvl     0x90000000        0x4 .\CortexM3\ARM_GCC_541\Debug\cymetadata.o
                0x90000000                cy_meta_custnvl

.cywolatch      0x90100000        0x4
 *(.cywolatch)
 .cywolatch     0x90100000        0x4 .\CortexM3\ARM_GCC_541\Debug\cymetadata.o
                0x90100000                cy_meta_wonvl

.cyeeprom       0x90200000        0x0
 *(.cyeeprom)
                0x00000001                ASSERT ((. <= ((0x90200000 + ee_offset) + ee_size)), .cyeeprom data will not fit in EEPROM)

.cyflashprotect
                0x90400000      0x100
 *(.cyflashprotect)
 .cyflashprotect
                0x90400000      0x100 .\CortexM3\ARM_GCC_541\Debug\cymetadata.o
                0x90400000                cy_meta_flashprotect

.cymeta         0x90500000        0xc
 *(.cymeta)
 .cymeta        0x90500000        0xc .\CortexM3\ARM_GCC_541\Debug\cymetadata.o
                0x90500000                cy_metadata

.rel.dyn        0x00001f20        0x0 load address 0x9050000c
 .rel.iplt      0x00001f20        0x0 c:/program files (x86)/cypress/psoc creator/4.2/psoc creator/import/gnu/arm/5.4.1/bin/../lib/gcc/arm-none-eabi/5.4.1/armv7-m/crtbegin.o

.stab
 *(.stab)

.stabstr
 *(.stabstr)

.debug
 *(.debug)

.line
 *(.line)

.debug_srcinfo
 *(.debug_srcinfo)

.debug_sfnames
 *(.debug_sfnames)

.debug_aranges  0x00000000      0x790
 *(.debug_aranges)
 .debug_aranges
                0x00000000       0x28 .\CortexM3\ARM_GCC_541\Debug\main.o
 .debug_aranges
                0x00000028       0x70 .\CortexM3\ARM_GCC_541\Debug\can_manager.o
 .debug_aranges
                0x00000098       0x38 .\CortexM3\ARM_GCC_541\Debug\lcd_manager.o
 .debug_aranges
                0x000000d0       0x58 .\CortexM3\ARM_GCC_541\Debug\cyfitter_cfg.o
 .debug_aranges
                0x00000128       0x18 .\CortexM3\ARM_GCC_541\Debug\cymetadata.o
 .debug_aranges
                0x00000140       0x48 .\CortexM3\ARM_GCC_541\Debug\Cm3Start.o
 .debug_aranges
                0x00000188      0x2a0 .\CortexM3\ARM_GCC_541\Debug\Node-Rhinoceros.a(CyLib.o)
 .debug_aranges
                0x00000428       0x98 .\CortexM3\ARM_GCC_541\Debug\Node-Rhinoceros.a(cyPm.o)
 .debug_aranges
                0x000004c0       0x98 .\CortexM3\ARM_GCC_541\Debug\Node-Rhinoceros.a(LCD.o)
 .debug_aranges
                0x00000558       0xc8 .\CortexM3\ARM_GCC_541\Debug\Node-Rhinoceros.a(CAN.o)
 .debug_aranges
                0x00000620       0x28 .\CortexM3\ARM_GCC_541\Debug\Node-Rhinoceros.a(CAN_INT.o)
 .debug_aranges
                0x00000648       0x30 .\CortexM3\ARM_GCC_541\Debug\Node-Rhinoceros.a(CAN_TX_RX_func.o)
 .debug_aranges
                0x00000678       0x20 .\CortexM3\ARM_GCC_541\Debug\Node-Rhinoceros.a(CyBootAsmGnu.o)
 .debug_aranges
                0x00000698       0x80 .\CortexM3\ARM_GCC_541\Debug\Node-Rhinoceros.a(CyFlash.o)
 .debug_aranges
                0x00000718       0x78 .\CortexM3\ARM_GCC_541\Debug\Node-Rhinoceros.a(CySpc.o)

.debug_pubnames
 *(.debug_pubnames)

.debug_info     0x00000000     0x5829
 *(.debug_info .gnu.linkonce.wi.*)
 .debug_info    0x00000000      0x28f .\CortexM3\ARM_GCC_541\Debug\main.o
 .debug_info    0x0000028f      0x7d2 .\CortexM3\ARM_GCC_541\Debug\can_manager.o
 .debug_info    0x00000a61      0x475 .\CortexM3\ARM_GCC_541\Debug\lcd_manager.o
 .debug_info    0x00000ed6      0x4f1 .\CortexM3\ARM_GCC_541\Debug\cyfitter_cfg.o
 .debug_info    0x000013c7      0x134 .\CortexM3\ARM_GCC_541\Debug\cymetadata.o
 .debug_info    0x000014fb      0x3b5 .\CortexM3\ARM_GCC_541\Debug\Cm3Start.o
 .debug_info    0x000018b0     0x1374 .\CortexM3\ARM_GCC_541\Debug\Node-Rhinoceros.a(CyLib.o)
 .debug_info    0x00002c24      0xa1d .\CortexM3\ARM_GCC_541\Debug\Node-Rhinoceros.a(cyPm.o)
 .debug_info    0x00003641      0x715 .\CortexM3\ARM_GCC_541\Debug\Node-Rhinoceros.a(LCD.o)
 .debug_info    0x00003d56      0x90f .\CortexM3\ARM_GCC_541\Debug\Node-Rhinoceros.a(CAN.o)
 .debug_info    0x00004665      0x20e .\CortexM3\ARM_GCC_541\Debug\Node-Rhinoceros.a(CAN_INT.o)
 .debug_info    0x00004873      0x46f .\CortexM3\ARM_GCC_541\Debug\Node-Rhinoceros.a(CAN_TX_RX_func.o)
 .debug_info    0x00004ce2       0xa6 .\CortexM3\ARM_GCC_541\Debug\Node-Rhinoceros.a(CyBootAsmGnu.o)
 .debug_info    0x00004d88      0x5b8 .\CortexM3\ARM_GCC_541\Debug\Node-Rhinoceros.a(CyFlash.o)
 .debug_info    0x00005340      0x4e9 .\CortexM3\ARM_GCC_541\Debug\Node-Rhinoceros.a(CySpc.o)

.debug_abbrev   0x00000000     0x157d
 *(.debug_abbrev)
 .debug_abbrev  0x00000000      0x13d .\CortexM3\ARM_GCC_541\Debug\main.o
 .debug_abbrev  0x0000013d      0x200 .\CortexM3\ARM_GCC_541\Debug\can_manager.o
 .debug_abbrev  0x0000033d      0x159 .\CortexM3\ARM_GCC_541\Debug\lcd_manager.o
 .debug_abbrev  0x00000496      0x1fe .\CortexM3\ARM_GCC_541\Debug\cyfitter_cfg.o
 .debug_abbrev  0x00000694       0x5d .\CortexM3\ARM_GCC_541\Debug\cymetadata.o
 .debug_abbrev  0x000006f1      0x1e8 .\CortexM3\ARM_GCC_541\Debug\Cm3Start.o
 .debug_abbrev  0x000008d9      0x254 .\CortexM3\ARM_GCC_541\Debug\Node-Rhinoceros.a(CyLib.o)
 .debug_abbrev  0x00000b2d      0x1ab .\CortexM3\ARM_GCC_541\Debug\Node-Rhinoceros.a(cyPm.o)
 .debug_abbrev  0x00000cd8      0x157 .\CortexM3\ARM_GCC_541\Debug\Node-Rhinoceros.a(LCD.o)
 .debug_abbrev  0x00000e2f      0x195 .\CortexM3\ARM_GCC_541\Debug\Node-Rhinoceros.a(CAN.o)
 .debug_abbrev  0x00000fc4       0xd5 .\CortexM3\ARM_GCC_541\Debug\Node-Rhinoceros.a(CAN_INT.o)
 .debug_abbrev  0x00001099      0x1a4 .\CortexM3\ARM_GCC_541\Debug\Node-Rhinoceros.a(CAN_TX_RX_func.o)
 .debug_abbrev  0x0000123d       0x14 .\CortexM3\ARM_GCC_541\Debug\Node-Rhinoceros.a(CyBootAsmGnu.o)
 .debug_abbrev  0x00001251      0x198 .\CortexM3\ARM_GCC_541\Debug\Node-Rhinoceros.a(CyFlash.o)
 .debug_abbrev  0x000013e9      0x194 .\CortexM3\ARM_GCC_541\Debug\Node-Rhinoceros.a(CySpc.o)

.debug_line     0x00000000     0x24f2
 *(.debug_line)
 .debug_line    0x00000000      0x1ab .\CortexM3\ARM_GCC_541\Debug\main.o
 .debug_line    0x000001ab      0x378 .\CortexM3\ARM_GCC_541\Debug\can_manager.o
 .debug_line    0x00000523      0x244 .\CortexM3\ARM_GCC_541\Debug\lcd_manager.o
 .debug_line    0x00000767      0x1d3 .\CortexM3\ARM_GCC_541\Debug\cyfitter_cfg.o
 .debug_line    0x0000093a      0x141 .\CortexM3\ARM_GCC_541\Debug\cymetadata.o
 .debug_line    0x00000a7b      0x234 .\CortexM3\ARM_GCC_541\Debug\Cm3Start.o
 .debug_line    0x00000caf      0x816 .\CortexM3\ARM_GCC_541\Debug\Node-Rhinoceros.a(CyLib.o)
 .debug_line    0x000014c5      0x364 .\CortexM3\ARM_GCC_541\Debug\Node-Rhinoceros.a(cyPm.o)
 .debug_line    0x00001829      0x1dc .\CortexM3\ARM_GCC_541\Debug\Node-Rhinoceros.a(LCD.o)
 .debug_line    0x00001a05      0x37e .\CortexM3\ARM_GCC_541\Debug\Node-Rhinoceros.a(CAN.o)
 .debug_line    0x00001d83       0x9c .\CortexM3\ARM_GCC_541\Debug\Node-Rhinoceros.a(CAN_INT.o)
 .debug_line    0x00001e1f      0x248 .\CortexM3\ARM_GCC_541\Debug\Node-Rhinoceros.a(CAN_TX_RX_func.o)
 .debug_line    0x00002067       0x66 .\CortexM3\ARM_GCC_541\Debug\Node-Rhinoceros.a(CyBootAsmGnu.o)
 .debug_line    0x000020cd      0x1e9 .\CortexM3\ARM_GCC_541\Debug\Node-Rhinoceros.a(CyFlash.o)
 .debug_line    0x000022b6      0x23c .\CortexM3\ARM_GCC_541\Debug\Node-Rhinoceros.a(CySpc.o)

.debug_frame    0x00000000     0x17f8
 *(.debug_frame)
 .debug_frame   0x00000000       0x48 .\CortexM3\ARM_GCC_541\Debug\main.o
 .debug_frame   0x00000048      0x130 .\CortexM3\ARM_GCC_541\Debug\can_manager.o
 .debug_frame   0x00000178       0x90 .\CortexM3\ARM_GCC_541\Debug\lcd_manager.o
 .debug_frame   0x00000208       0xe4 .\CortexM3\ARM_GCC_541\Debug\cyfitter_cfg.o
 .debug_frame   0x000002ec       0xb8 .\CortexM3\ARM_GCC_541\Debug\Cm3Start.o
 .debug_frame   0x000003a4      0x738 .\CortexM3\ARM_GCC_541\Debug\Node-Rhinoceros.a(CyLib.o)
 .debug_frame   0x00000adc      0x1f8 .\CortexM3\ARM_GCC_541\Debug\Node-Rhinoceros.a(cyPm.o)
 .debug_frame   0x00000cd4      0x1e8 .\CortexM3\ARM_GCC_541\Debug\Node-Rhinoceros.a(LCD.o)
 .debug_frame   0x00000ebc      0x1cc .\CortexM3\ARM_GCC_541\Debug\Node-Rhinoceros.a(CAN.o)
 .debug_frame   0x00001088       0x4c .\CortexM3\ARM_GCC_541\Debug\Node-Rhinoceros.a(CAN_INT.o)
 .debug_frame   0x000010d4       0x6c .\CortexM3\ARM_GCC_541\Debug\Node-Rhinoceros.a(CAN_TX_RX_func.o)
 .debug_frame   0x00001140      0x174 .\CortexM3\ARM_GCC_541\Debug\Node-Rhinoceros.a(CyFlash.o)
 .debug_frame   0x000012b4      0x160 .\CortexM3\ARM_GCC_541\Debug\Node-Rhinoceros.a(CySpc.o)
 .debug_frame   0x00001414       0x20 c:/program files (x86)/cypress/psoc creator/4.2/psoc creator/import/gnu/arm/5.4.1/bin/../lib/gcc/arm-none-eabi/5.4.1/../../../../arm-none-eabi/lib/armv7-m\libg_nano.a(lib_a-errno.o)
 .debug_frame   0x00001434       0x28 c:/program files (x86)/cypress/psoc creator/4.2/psoc creator/import/gnu/arm/5.4.1/bin/../lib/gcc/arm-none-eabi/5.4.1/../../../../arm-none-eabi/lib/armv7-m\libg_nano.a(lib_a-exit.o)
 .debug_frame   0x0000145c       0x2c c:/program files (x86)/cypress/psoc creator/4.2/psoc creator/import/gnu/arm/5.4.1/bin/../lib/gcc/arm-none-eabi/5.4.1/../../../../arm-none-eabi/lib/armv7-m\libg_nano.a(lib_a-init.o)
 .debug_frame   0x00001488       0x28 c:/program files (x86)/cypress/psoc creator/4.2/psoc creator/import/gnu/arm/5.4.1/bin/../lib/gcc/arm-none-eabi/5.4.1/../../../../arm-none-eabi/lib/armv7-m\libg_nano.a(lib_a-memcpy-stub.o)
 .debug_frame   0x000014b0       0x20 c:/program files (x86)/cypress/psoc creator/4.2/psoc creator/import/gnu/arm/5.4.1/bin/../lib/gcc/arm-none-eabi/5.4.1/../../../../arm-none-eabi/lib/armv7-m\libg_nano.a(lib_a-memset.o)
 .debug_frame   0x000014d0       0x70 c:/program files (x86)/cypress/psoc creator/4.2/psoc creator/import/gnu/arm/5.4.1/bin/../lib/gcc/arm-none-eabi/5.4.1/../../../../arm-none-eabi/lib/armv7-m\libg_nano.a(lib_a-sprintf.o)
 .debug_frame   0x00001540       0x90 c:/program files (x86)/cypress/psoc creator/4.2/psoc creator/import/gnu/arm/5.4.1/bin/../lib/gcc/arm-none-eabi/5.4.1/../../../../arm-none-eabi/lib/armv7-m\libg_nano.a(lib_a-nano-svfprintf.o)
 .debug_frame   0x000015d0       0x60 c:/program files (x86)/cypress/psoc creator/4.2/psoc creator/import/gnu/arm/5.4.1/bin/../lib/gcc/arm-none-eabi/5.4.1/../../../../arm-none-eabi/lib/armv7-m\libg_nano.a(lib_a-nano-vfprintf_i.o)
 .debug_frame   0x00001630       0x28 c:/program files (x86)/cypress/psoc creator/4.2/psoc creator/import/gnu/arm/5.4.1/bin/../lib/gcc/arm-none-eabi/5.4.1/../../../../arm-none-eabi/lib/armv7-m\libg_nano.a(lib_a-memchr-stub.o)
 .debug_frame   0x00001658       0x28 c:/program files (x86)/cypress/psoc creator/4.2/psoc creator/import/gnu/arm/5.4.1/bin/../lib/gcc/arm-none-eabi/5.4.1/../../../../arm-none-eabi/lib/armv7-m\libg_nano.a(lib_a-memmove.o)
 .debug_frame   0x00001680       0x38 c:/program files (x86)/cypress/psoc creator/4.2/psoc creator/import/gnu/arm/5.4.1/bin/../lib/gcc/arm-none-eabi/5.4.1/../../../../arm-none-eabi/lib/armv7-m\libg_nano.a(lib_a-nano-freer.o)
 .debug_frame   0x000016b8       0x2c c:/program files (x86)/cypress/psoc creator/4.2/psoc creator/import/gnu/arm/5.4.1/bin/../lib/gcc/arm-none-eabi/5.4.1/../../../../arm-none-eabi/lib/armv7-m\libg_nano.a(lib_a-nano-mallocr.o)
 .debug_frame   0x000016e4       0x3c c:/program files (x86)/cypress/psoc creator/4.2/psoc creator/import/gnu/arm/5.4.1/bin/../lib/gcc/arm-none-eabi/5.4.1/../../../../arm-none-eabi/lib/armv7-m\libg_nano.a(lib_a-nano-reallocr.o)
 .debug_frame   0x00001720       0x2c c:/program files (x86)/cypress/psoc creator/4.2/psoc creator/import/gnu/arm/5.4.1/bin/../lib/gcc/arm-none-eabi/5.4.1/../../../../arm-none-eabi/lib/armv7-m\libg_nano.a(lib_a-sbrkr.o)
 .debug_frame   0x0000174c       0x30 c:/program files (x86)/cypress/psoc creator/4.2/psoc creator/import/gnu/arm/5.4.1/bin/../lib/gcc/arm-none-eabi/5.4.1/../../../../arm-none-eabi/lib/armv7-m\libg_nano.a(lib_a-mlock.o)
 .debug_frame   0x0000177c       0x20 c:/program files (x86)/cypress/psoc creator/4.2/psoc creator/import/gnu/arm/5.4.1/bin/../lib/gcc/arm-none-eabi/5.4.1/../../../../arm-none-eabi/lib/armv7-m\libg_nano.a(lib_a-nano-msizer.o)
 .debug_frame   0x0000179c       0x5c c:/program files (x86)/cypress/psoc creator/4.2/psoc creator/import/gnu/arm/5.4.1/bin/../lib/gcc/arm-none-eabi/5.4.1/../../../../arm-none-eabi/lib/armv7-m\libg_nano.a(lib_a-reent.o)

.debug_str      0x00000000     0x1a08
 *(.debug_str)
 .debug_str     0x00000000      0x244 .\CortexM3\ARM_GCC_541\Debug\main.o
                                0x2ab (size before relaxing)
 .debug_str     0x00000244      0x1f2 .\CortexM3\ARM_GCC_541\Debug\can_manager.o
                                0x447 (size before relaxing)
 .debug_str     0x00000436       0x80 .\CortexM3\ARM_GCC_541\Debug\lcd_manager.o
                                0x2fe (size before relaxing)
 .debug_str     0x000004b6      0x16d .\CortexM3\ARM_GCC_541\Debug\cyfitter_cfg.o
                                0x325 (size before relaxing)
 .debug_str     0x00000623       0x75 .\CortexM3\ARM_GCC_541\Debug\cymetadata.o
                                0x1fa (size before relaxing)
 .debug_str     0x00000698      0x13f .\CortexM3\ARM_GCC_541\Debug\Cm3Start.o
                                0x320 (size before relaxing)
 .debug_str     0x000007d7      0x811 .\CortexM3\ARM_GCC_541\Debug\Node-Rhinoceros.a(CyLib.o)
                                0xa5d (size before relaxing)
 .debug_str     0x00000fe8      0x359 .\CortexM3\ARM_GCC_541\Debug\Node-Rhinoceros.a(cyPm.o)
                                0x73d (size before relaxing)
 .debug_str     0x00001341      0x115 .\CortexM3\ARM_GCC_541\Debug\Node-Rhinoceros.a(LCD.o)
                                0x341 (size before relaxing)
 .debug_str     0x00001456      0x2b5 .\CortexM3\ARM_GCC_541\Debug\Node-Rhinoceros.a(CAN.o)
                                0x4f7 (size before relaxing)
 .debug_str     0x0000170b       0x53 .\CortexM3\ARM_GCC_541\Debug\Node-Rhinoceros.a(CAN_INT.o)
                                0x25b (size before relaxing)
 .debug_str     0x0000175e       0x62 .\CortexM3\ARM_GCC_541\Debug\Node-Rhinoceros.a(CAN_TX_RX_func.o)
                                0x36b (size before relaxing)
 .debug_str     0x000017c0      0x19c .\CortexM3\ARM_GCC_541\Debug\Node-Rhinoceros.a(CyFlash.o)
                                0x3b7 (size before relaxing)
 .debug_str     0x0000195c       0xac .\CortexM3\ARM_GCC_541\Debug\Node-Rhinoceros.a(CySpc.o)
                                0x340 (size before relaxing)

.debug_loc      0x00000000     0x2c47
 *(.debug_loc)
 .debug_loc     0x00000000       0x21 .\CortexM3\ARM_GCC_541\Debug\main.o
 .debug_loc     0x00000021      0x460 .\CortexM3\ARM_GCC_541\Debug\can_manager.o
 .debug_loc     0x00000481       0x21 .\CortexM3\ARM_GCC_541\Debug\lcd_manager.o
 .debug_loc     0x000004a2      0x1d7 .\CortexM3\ARM_GCC_541\Debug\cyfitter_cfg.o
 .debug_loc     0x00000679      0x144 .\CortexM3\ARM_GCC_541\Debug\Cm3Start.o
 .debug_loc     0x000007bd      0xa11 .\CortexM3\ARM_GCC_541\Debug\Node-Rhinoceros.a(CyLib.o)
 .debug_loc     0x000011ce      0x1e4 .\CortexM3\ARM_GCC_541\Debug\Node-Rhinoceros.a(cyPm.o)
 .debug_loc     0x000013b2      0x3c6 .\CortexM3\ARM_GCC_541\Debug\Node-Rhinoceros.a(LCD.o)
 .debug_loc     0x00001778      0x980 .\CortexM3\ARM_GCC_541\Debug\Node-Rhinoceros.a(CAN.o)
 .debug_loc     0x000020f8       0x54 .\CortexM3\ARM_GCC_541\Debug\Node-Rhinoceros.a(CAN_INT.o)
 .debug_loc     0x0000214c      0x1bc .\CortexM3\ARM_GCC_541\Debug\Node-Rhinoceros.a(CAN_TX_RX_func.o)
 .debug_loc     0x00002308      0x2f2 .\CortexM3\ARM_GCC_541\Debug\Node-Rhinoceros.a(CyFlash.o)
 .debug_loc     0x000025fa      0x64d .\CortexM3\ARM_GCC_541\Debug\Node-Rhinoceros.a(CySpc.o)

.debug_macinfo
 *(.debug_macinfo)

.debug_ranges   0x00000000      0x688
 *(.debug_ranges)
 .debug_ranges  0x00000000       0x18 .\CortexM3\ARM_GCC_541\Debug\main.o
 .debug_ranges  0x00000018       0x60 .\CortexM3\ARM_GCC_541\Debug\can_manager.o
 .debug_ranges  0x00000078       0x28 .\CortexM3\ARM_GCC_541\Debug\lcd_manager.o
 .debug_ranges  0x000000a0       0x48 .\CortexM3\ARM_GCC_541\Debug\cyfitter_cfg.o
 .debug_ranges  0x000000e8       0x38 .\CortexM3\ARM_GCC_541\Debug\Cm3Start.o
 .debug_ranges  0x00000120      0x290 .\CortexM3\ARM_GCC_541\Debug\Node-Rhinoceros.a(CyLib.o)
 .debug_ranges  0x000003b0       0x88 .\CortexM3\ARM_GCC_541\Debug\Node-Rhinoceros.a(cyPm.o)
 .debug_ranges  0x00000438       0x88 .\CortexM3\ARM_GCC_541\Debug\Node-Rhinoceros.a(LCD.o)
 .debug_ranges  0x000004c0       0xb8 .\CortexM3\ARM_GCC_541\Debug\Node-Rhinoceros.a(CAN.o)
 .debug_ranges  0x00000578       0x18 .\CortexM3\ARM_GCC_541\Debug\Node-Rhinoceros.a(CAN_INT.o)
 .debug_ranges  0x00000590       0x20 .\CortexM3\ARM_GCC_541\Debug\Node-Rhinoceros.a(CAN_TX_RX_func.o)
 .debug_ranges  0x000005b0       0x70 .\CortexM3\ARM_GCC_541\Debug\Node-Rhinoceros.a(CyFlash.o)
 .debug_ranges  0x00000620       0x68 .\CortexM3\ARM_GCC_541\Debug\Node-Rhinoceros.a(CySpc.o)

.comment        0x00000000       0x6e
 .comment       0x00000000       0x6e .\CortexM3\ARM_GCC_541\Debug\main.o
                                 0x6f (size before relaxing)
 .comment       0x0000006e       0x6f .\CortexM3\ARM_GCC_541\Debug\can_manager.o
 .comment       0x0000006e       0x6f .\CortexM3\ARM_GCC_541\Debug\lcd_manager.o
 .comment       0x0000006e       0x6f .\CortexM3\ARM_GCC_541\Debug\cyfitter_cfg.o
 .comment       0x0000006e       0x6f .\CortexM3\ARM_GCC_541\Debug\cymetadata.o
 .comment       0x0000006e       0x6f .\CortexM3\ARM_GCC_541\Debug\Cm3Start.o
 .comment       0x0000006e       0x6f .\CortexM3\ARM_GCC_541\Debug\Node-Rhinoceros.a(CyLib.o)
 .comment       0x0000006e       0x6f .\CortexM3\ARM_GCC_541\Debug\Node-Rhinoceros.a(cyPm.o)
 .comment       0x0000006e       0x6f .\CortexM3\ARM_GCC_541\Debug\Node-Rhinoceros.a(LCD.o)
 .comment       0x0000006e       0x6f .\CortexM3\ARM_GCC_541\Debug\Node-Rhinoceros.a(CAN.o)
 .comment       0x0000006e       0x6f .\CortexM3\ARM_GCC_541\Debug\Node-Rhinoceros.a(CAN_INT.o)
 .comment       0x0000006e       0x6f .\CortexM3\ARM_GCC_541\Debug\Node-Rhinoceros.a(CAN_TX_RX_func.o)
 .comment       0x0000006e       0x6f .\CortexM3\ARM_GCC_541\Debug\Node-Rhinoceros.a(CyFlash.o)
 .comment       0x0000006e       0x6f .\CortexM3\ARM_GCC_541\Debug\Node-Rhinoceros.a(CySpc.o)

.debug_weaknames
 *(.debug_weaknames)

.debug_funcnames
 *(.debug_funcnames)

.debug_typenames
 *(.debug_typenames)

.debug_varnames
 *(.debug_varnames)

.note.gnu.arm.ident
 *(.note.gnu.arm.ident)

.ARM.attributes
                0x00000000       0x29
 *(.ARM.attributes)
 .ARM.attributes
                0x00000000       0x1d c:/program files (x86)/cypress/psoc creator/4.2/psoc creator/import/gnu/arm/5.4.1/bin/../lib/gcc/arm-none-eabi/5.4.1/armv7-m/crti.o
 .ARM.attributes
                0x0000001d       0x2d c:/program files (x86)/cypress/psoc creator/4.2/psoc creator/import/gnu/arm/5.4.1/bin/../lib/gcc/arm-none-eabi/5.4.1/armv7-m/crtbegin.o
 .ARM.attributes
                0x0000004a       0x1b c:/program files (x86)/cypress/psoc creator/4.2/psoc creator/import/gnu/arm/5.4.1/bin/../lib/gcc/arm-none-eabi/5.4.1/../../../../arm-none-eabi/lib/armv7-m/crt0.o
 .ARM.attributes
                0x00000065       0x33 .\CortexM3\ARM_GCC_541\Debug\main.o
 .ARM.attributes
                0x00000098       0x33 .\CortexM3\ARM_GCC_541\Debug\can_manager.o
 .ARM.attributes
                0x000000cb       0x33 .\CortexM3\ARM_GCC_541\Debug\lcd_manager.o
 .ARM.attributes
                0x000000fe       0x33 .\CortexM3\ARM_GCC_541\Debug\cyfitter_cfg.o
 .ARM.attributes
                0x00000131       0x33 .\CortexM3\ARM_GCC_541\Debug\cymetadata.o
 .ARM.attributes
                0x00000164       0x33 .\CortexM3\ARM_GCC_541\Debug\Cm3Start.o
 .ARM.attributes
                0x00000197       0x33 .\CortexM3\ARM_GCC_541\Debug\Node-Rhinoceros.a(CyLib.o)
 .ARM.attributes
                0x000001ca       0x33 .\CortexM3\ARM_GCC_541\Debug\Node-Rhinoceros.a(cyPm.o)
 .ARM.attributes
                0x000001fd       0x33 .\CortexM3\ARM_GCC_541\Debug\Node-Rhinoceros.a(LCD.o)
 .ARM.attributes
                0x00000230       0x33 .\CortexM3\ARM_GCC_541\Debug\Node-Rhinoceros.a(CAN.o)
 .ARM.attributes
                0x00000263       0x33 .\CortexM3\ARM_GCC_541\Debug\Node-Rhinoceros.a(CAN_INT.o)
 .ARM.attributes
                0x00000296       0x33 .\CortexM3\ARM_GCC_541\Debug\Node-Rhinoceros.a(CAN_TX_RX_func.o)
 .ARM.attributes
                0x000002c9       0x21 .\CortexM3\ARM_GCC_541\Debug\Node-Rhinoceros.a(CyBootAsmGnu.o)
 .ARM.attributes
                0x000002ea       0x33 .\CortexM3\ARM_GCC_541\Debug\Node-Rhinoceros.a(CyFlash.o)
 .ARM.attributes
                0x0000031d       0x33 .\CortexM3\ARM_GCC_541\Debug\Node-Rhinoceros.a(CySpc.o)
 .ARM.attributes
                0x00000350       0x2d c:/program files (x86)/cypress/psoc creator/4.2/psoc creator/import/gnu/arm/5.4.1/bin/../lib/gcc/arm-none-eabi/5.4.1/../../../../arm-none-eabi/lib/armv7-m\libg_nano.a(lib_a-errno.o)
 .ARM.attributes
                0x0000037d       0x2d c:/program files (x86)/cypress/psoc creator/4.2/psoc creator/import/gnu/arm/5.4.1/bin/../lib/gcc/arm-none-eabi/5.4.1/../../../../arm-none-eabi/lib/armv7-m\libg_nano.a(lib_a-exit.o)
 .ARM.attributes
                0x000003aa       0x2d c:/program files (x86)/cypress/psoc creator/4.2/psoc creator/import/gnu/arm/5.4.1/bin/../lib/gcc/arm-none-eabi/5.4.1/../../../../arm-none-eabi/lib/armv7-m\libg_nano.a(lib_a-impure.o)
 .ARM.attributes
                0x000003d7       0x2d c:/program files (x86)/cypress/psoc creator/4.2/psoc creator/import/gnu/arm/5.4.1/bin/../lib/gcc/arm-none-eabi/5.4.1/../../../../arm-none-eabi/lib/armv7-m\libg_nano.a(lib_a-init.o)
 .ARM.attributes
                0x00000404       0x2d c:/program files (x86)/cypress/psoc creator/4.2/psoc creator/import/gnu/arm/5.4.1/bin/../lib/gcc/arm-none-eabi/5.4.1/../../../../arm-none-eabi/lib/armv7-m\libg_nano.a(lib_a-memcpy-stub.o)
 .ARM.attributes
                0x00000431       0x2d c:/program files (x86)/cypress/psoc creator/4.2/psoc creator/import/gnu/arm/5.4.1/bin/../lib/gcc/arm-none-eabi/5.4.1/../../../../arm-none-eabi/lib/armv7-m\libg_nano.a(lib_a-memset.o)
 .ARM.attributes
                0x0000045e       0x2d c:/program files (x86)/cypress/psoc creator/4.2/psoc creator/import/gnu/arm/5.4.1/bin/../lib/gcc/arm-none-eabi/5.4.1/../../../../arm-none-eabi/lib/armv7-m\libg_nano.a(lib_a-sprintf.o)
 .ARM.attributes
                0x0000048b       0x2d c:/program files (x86)/cypress/psoc creator/4.2/psoc creator/import/gnu/arm/5.4.1/bin/../lib/gcc/arm-none-eabi/5.4.1/../../../../arm-none-eabi/lib/armv7-m\libg_nano.a(lib_a-nano-svfprintf.o)
 .ARM.attributes
                0x000004b8       0x2d c:/program files (x86)/cypress/psoc creator/4.2/psoc creator/import/gnu/arm/5.4.1/bin/../lib/gcc/arm-none-eabi/5.4.1/../../../../arm-none-eabi/lib/armv7-m\libg_nano.a(lib_a-nano-vfprintf_i.o)
 .ARM.attributes
                0x000004e5       0x2d c:/program files (x86)/cypress/psoc creator/4.2/psoc creator/import/gnu/arm/5.4.1/bin/../lib/gcc/arm-none-eabi/5.4.1/../../../../arm-none-eabi/lib/armv7-m\libg_nano.a(lib_a-memchr-stub.o)
 .ARM.attributes
                0x00000512       0x2d c:/program files (x86)/cypress/psoc creator/4.2/psoc creator/import/gnu/arm/5.4.1/bin/../lib/gcc/arm-none-eabi/5.4.1/../../../../arm-none-eabi/lib/armv7-m\libg_nano.a(lib_a-memmove.o)
 .ARM.attributes
                0x0000053f       0x2d c:/program files (x86)/cypress/psoc creator/4.2/psoc creator/import/gnu/arm/5.4.1/bin/../lib/gcc/arm-none-eabi/5.4.1/../../../../arm-none-eabi/lib/armv7-m\libg_nano.a(lib_a-nano-freer.o)
 .ARM.attributes
                0x0000056c       0x2d c:/program files (x86)/cypress/psoc creator/4.2/psoc creator/import/gnu/arm/5.4.1/bin/../lib/gcc/arm-none-eabi/5.4.1/../../../../arm-none-eabi/lib/armv7-m\libg_nano.a(lib_a-nano-mallocr.o)
 .ARM.attributes
                0x00000599       0x2d c:/program files (x86)/cypress/psoc creator/4.2/psoc creator/import/gnu/arm/5.4.1/bin/../lib/gcc/arm-none-eabi/5.4.1/../../../../arm-none-eabi/lib/armv7-m\libg_nano.a(lib_a-nano-reallocr.o)
 .ARM.attributes
                0x000005c6       0x2d c:/program files (x86)/cypress/psoc creator/4.2/psoc creator/import/gnu/arm/5.4.1/bin/../lib/gcc/arm-none-eabi/5.4.1/../../../../arm-none-eabi/lib/armv7-m\libg_nano.a(lib_a-sbrkr.o)
 .ARM.attributes
                0x000005f3       0x2d c:/program files (x86)/cypress/psoc creator/4.2/psoc creator/import/gnu/arm/5.4.1/bin/../lib/gcc/arm-none-eabi/5.4.1/../../../../arm-none-eabi/lib/armv7-m\libg_nano.a(lib_a-mlock.o)
 .ARM.attributes
                0x00000620       0x2d c:/program files (x86)/cypress/psoc creator/4.2/psoc creator/import/gnu/arm/5.4.1/bin/../lib/gcc/arm-none-eabi/5.4.1/../../../../arm-none-eabi/lib/armv7-m\libg_nano.a(lib_a-nano-msizer.o)
 .ARM.attributes
                0x0000064d       0x2d c:/program files (x86)/cypress/psoc creator/4.2/psoc creator/import/gnu/arm/5.4.1/bin/../lib/gcc/arm-none-eabi/5.4.1/../../../../arm-none-eabi/lib/armv7-m\libg_nano.a(lib_a-reent.o)
 .ARM.attributes
                0x0000067a       0x2d c:/program files (x86)/cypress/psoc creator/4.2/psoc creator/import/gnu/arm/5.4.1/bin/../lib/gcc/arm-none-eabi/5.4.1/armv7-m/crtend.o
 .ARM.attributes
                0x000006a7       0x1d c:/program files (x86)/cypress/psoc creator/4.2/psoc creator/import/gnu/arm/5.4.1/bin/../lib/gcc/arm-none-eabi/5.4.1/armv7-m/crtn.o

/DISCARD/
 *(.note.GNU-stack)
OUTPUT(C:\Users\fiona\OneDrive\Documents\Node-Rhinoceros\Node-Rhinoceros\Node-Rhinoceros.cydsn\CortexM3\ARM_GCC_541\Debug\Node-Rhinoceros.elf elf32-littlearm)
