Archive member included to satisfy reference by file (symbol)

.\CortexM3\ARM_GCC_541\Debug\Node-Rhinoceros.a(CyLib.o)
                              .\CortexM3\ARM_GCC_541\Debug\Cm3Start.o (CyHalt)
.\CortexM3\ARM_GCC_541\Debug\Node-Rhinoceros.a(cyPm.o)
                              .\CortexM3\ARM_GCC_541\Debug\Node-Rhinoceros.a(CyLib.o) (CyPmReadStatus)
.\CortexM3\ARM_GCC_541\Debug\Node-Rhinoceros.a(LCD.o)
                              .\CortexM3\ARM_GCC_541\Debug\can_manager.o (LCD_PrintString)
.\CortexM3\ARM_GCC_541\Debug\Node-Rhinoceros.a(CAN.o)
                              .\CortexM3\ARM_GCC_541\Debug\can_manager.o (CAN_GlobalIntEnable)
.\CortexM3\ARM_GCC_541\Debug\Node-Rhinoceros.a(CAN_INT.o)
                              .\CortexM3\ARM_GCC_541\Debug\Node-Rhinoceros.a(CAN.o) (CAN_ISR)
.\CortexM3\ARM_GCC_541\Debug\Node-Rhinoceros.a(CAN_TX_RX_func.o)
                              .\CortexM3\ARM_GCC_541\Debug\can_manager.o (CAN_SendMsg)
.\CortexM3\ARM_GCC_541\Debug\Node-Rhinoceros.a(CyBootAsmGnu.o)
                              .\CortexM3\ARM_GCC_541\Debug\cyfitter_cfg.o (CyDelayCycles)
.\CortexM3\ARM_GCC_541\Debug\Node-Rhinoceros.a(CyFlash.o)
                              .\CortexM3\ARM_GCC_541\Debug\Node-Rhinoceros.a(cyPm.o) (CyFlash_SetWaitCycles)
.\CortexM3\ARM_GCC_541\Debug\Node-Rhinoceros.a(CySpc.o)
                              .\CortexM3\ARM_GCC_541\Debug\Node-Rhinoceros.a(CyFlash.o) (CySpcStart)
c:/program files (x86)/cypress/psoc creator/4.2/psoc creator/import/gnu/arm/5.4.1/bin/../lib/gcc/arm-none-eabi/5.4.1/../../../../arm-none-eabi/lib/armv7-m\libg_nano.a(lib_a-errno.o)
                              .\CortexM3\ARM_GCC_541\Debug\Cm3Start.o (__errno)
c:/program files (x86)/cypress/psoc creator/4.2/psoc creator/import/gnu/arm/5.4.1/bin/../lib/gcc/arm-none-eabi/5.4.1/../../../../arm-none-eabi/lib/armv7-m\libg_nano.a(lib_a-exit.o)
                              c:/program files (x86)/cypress/psoc creator/4.2/psoc creator/import/gnu/arm/5.4.1/bin/../lib/gcc/arm-none-eabi/5.4.1/../../../../arm-none-eabi/lib/armv7-m/crt0.o (exit)
c:/program files (x86)/cypress/psoc creator/4.2/psoc creator/import/gnu/arm/5.4.1/bin/../lib/gcc/arm-none-eabi/5.4.1/../../../../arm-none-eabi/lib/armv7-m\libg_nano.a(lib_a-impure.o)
                              c:/program files (x86)/cypress/psoc creator/4.2/psoc creator/import/gnu/arm/5.4.1/bin/../lib/gcc/arm-none-eabi/5.4.1/../../../../arm-none-eabi/lib/armv7-m\libg_nano.a(lib_a-exit.o) (_global_impure_ptr)
c:/program files (x86)/cypress/psoc creator/4.2/psoc creator/import/gnu/arm/5.4.1/bin/../lib/gcc/arm-none-eabi/5.4.1/../../../../arm-none-eabi/lib/armv7-m\libg_nano.a(lib_a-init.o)
                              c:/program files (x86)/cypress/psoc creator/4.2/psoc creator/import/gnu/arm/5.4.1/bin/../lib/gcc/arm-none-eabi/5.4.1/../../../../arm-none-eabi/lib/armv7-m/crt0.o (__libc_init_array)
c:/program files (x86)/cypress/psoc creator/4.2/psoc creator/import/gnu/arm/5.4.1/bin/../lib/gcc/arm-none-eabi/5.4.1/../../../../arm-none-eabi/lib/armv7-m\libg_nano.a(lib_a-memcpy-stub.o)
                              .\CortexM3\ARM_GCC_541\Debug\cyfitter_cfg.o (memcpy)
c:/program files (x86)/cypress/psoc creator/4.2/psoc creator/import/gnu/arm/5.4.1/bin/../lib/gcc/arm-none-eabi/5.4.1/../../../../arm-none-eabi/lib/armv7-m\libg_nano.a(lib_a-memset.o)
                              c:/program files (x86)/cypress/psoc creator/4.2/psoc creator/import/gnu/arm/5.4.1/bin/../lib/gcc/arm-none-eabi/5.4.1/../../../../arm-none-eabi/lib/armv7-m/crt0.o (memset)
c:/program files (x86)/cypress/psoc creator/4.2/psoc creator/import/gnu/arm/5.4.1/bin/../lib/gcc/arm-none-eabi/5.4.1/../../../../arm-none-eabi/lib/armv7-m\libg_nano.a(lib_a-sprintf.o)
                              .\CortexM3\ARM_GCC_541\Debug\can_manager.o (sprintf)
c:/program files (x86)/cypress/psoc creator/4.2/psoc creator/import/gnu/arm/5.4.1/bin/../lib/gcc/arm-none-eabi/5.4.1/../../../../arm-none-eabi/lib/armv7-m\libg_nano.a(lib_a-nano-svfprintf.o)
                              c:/program files (x86)/cypress/psoc creator/4.2/psoc creator/import/gnu/arm/5.4.1/bin/../lib/gcc/arm-none-eabi/5.4.1/../../../../arm-none-eabi/lib/armv7-m\libg_nano.a(lib_a-sprintf.o) (_svfprintf_r)
c:/program files (x86)/cypress/psoc creator/4.2/psoc creator/import/gnu/arm/5.4.1/bin/../lib/gcc/arm-none-eabi/5.4.1/../../../../arm-none-eabi/lib/armv7-m\libg_nano.a(lib_a-nano-vfprintf_i.o)
                              c:/program files (x86)/cypress/psoc creator/4.2/psoc creator/import/gnu/arm/5.4.1/bin/../lib/gcc/arm-none-eabi/5.4.1/../../../../arm-none-eabi/lib/armv7-m\libg_nano.a(lib_a-nano-svfprintf.o) (_printf_i)
c:/program files (x86)/cypress/psoc creator/4.2/psoc creator/import/gnu/arm/5.4.1/bin/../lib/gcc/arm-none-eabi/5.4.1/../../../../arm-none-eabi/lib/armv7-m\libg_nano.a(lib_a-memchr-stub.o)
[...]
Memory Configuration

Name             Origin             Length             Attributes
rom              0x00000000         0x00040000         xr
ram              0x1fff8000         0x00010000         xrw
*default*        0x00000000         0xffffffff

Linker script and memory map

LOAD c:/program files (x86)/cypress/psoc creator/4.2/psoc creator/import/gnu/arm/5.4.1/bin/../lib/gcc/arm-none-eabi/5.4.1/armv7-m/crti.o
LOAD c:/program files (x86)/cypress/psoc creator/4.2/psoc creator/import/gnu/arm/5.4.1/bin/../lib/gcc/arm-none-eabi/5.4.1/armv7-m/crtbegin.o
LOAD c:/program files (x86)/cypress/psoc creator/4.2/psoc creator/import/gnu/arm/5.4.1/bin/../lib/gcc/arm-none-eabi/5.4.1/../../../../arm-none-eabi/lib/armv7-m/crt0.o
START GROUP
LOAD .\CortexM3\ARM_GCC_541\Debug\main.o
LOAD .\CortexM3\ARM_GCC_541\Debug\can_manager.o
LOAD .\CortexM3\ARM_GCC_541\Debug\lcd_manager.o
LOAD .\CortexM3\ARM_GCC_541\Debug\cyfitter_cfg.o
LOAD .\CortexM3\ARM_GCC_541\Debug\cymetadata.o
LOAD .\CortexM3\ARM_GCC_541\Debug\Cm3Start.o
LOAD .\CortexM3\ARM_GCC_541\Debug\Node-Rhinoceros.a
LOAD C:\Program Files (x86)\Cypress\PSoC Creator\4.2\PSoC Creator\psoc\content\cycomponentlibrary\CyComponentLibrary.cylib\CortexM3\ARM_GCC_541\Debug\CyComponentLibrary.a
END GROUP
START GROUP
LOAD c:/program files (x86)/cypress/psoc creator/4.2/psoc creator/import/gnu/arm/5.4.1/bin/../lib/gcc/arm-none-eabi/5.4.1/armv7-m\libgcc.a
LOAD c:/program files (x86)/cypress/psoc creator/4.2/psoc creator/import/gnu/arm/5.4.1/bin/../lib/gcc/arm-none-eabi/5.4.1/../../../../arm-none-eabi/lib/armv7-m\libg_nano.a
LOAD c:/program files (x86)/cypress/psoc creator/4.2/psoc creator/import/gnu/arm/5.4.1/bin/../lib/gcc/arm-none-eabi/5.4.1/../../../../arm-none-eabi/lib/armv7-m\libc_nano.a
END GROUP
START GROUP
LOAD c:/program files (x86)/cypress/psoc creator/4.2/psoc creator/import/gnu/arm/5.4.1/bin/../lib/gcc/arm-none-eabi/5.4.1/armv7-m\libgcc.a
LOAD c:/program files (x86)/cypress/psoc creator/4.2/psoc creator/import/gnu/arm/5.4.1/bin/../lib/gcc/arm-none-eabi/5.4.1/../../../../arm-none-eabi/lib/armv7-m\libc_nano.a
END GROUP
LOAD c:/program files (x86)/cypress/psoc creator/4.2/psoc creator/import/gnu/arm/5.4.1/bin/../lib/gcc/arm-none-eabi/5.4.1/armv7-m/crtend.o
LOAD c:/program files (x86)/cypress/psoc creator/4.2/psoc creator/import/gnu/arm/5.4.1/bin/../lib/gcc/arm-none-eabi/5.4.1/armv7-m/crtn.o
START GROUP
LOAD c:/program files (x86)/cypress/psoc creator/4.2/psoc creator/import/gnu/arm/5.4.1/bin/../lib/gcc/arm-none-eabi/5.4.1/armv7-m\libgcc.a
LOAD c:/program files (x86)/cypress/psoc creator/4.2/psoc creator/import/gnu/arm/5.4.1/bin/../lib/gcc/arm-none-eabi/5.4.1/../../../../arm-none-eabi/lib/armv7-m\libc.a
LOAD c:/program files (x86)/cypress/psoc creator/4.2/psoc creator/import/gnu/arm/5.4.1/bin/../lib/gcc/arm-none-eabi/5.4.1/../../../../arm-none-eabi/lib/armv7-m\libnosys.a
END GROUP
                0x00000000                CY_APPL_ORIGIN = 0x0
                0x00000100                CY_FLASH_ROW_SIZE = 0x100
                0x00000020                CY_ECC_ROW_SIZE = 0x20
                0x00000000                CY_EE_IN_BTLDR = 0x0
                0x00000000                CY_APPL_LOADABLE = 0x0
                0x00000800                CY_EE_SIZE = 0x800
                0x00000001                CY_APPL_NUM = 0x1
                0x00000001                CY_APPL_MAX = 0x1
                0x00000040                CY_METADATA_SIZE = 0x40
                0x00000000                CY_APPL_LOADABLE = 0x0
                0x00000000                CY_CHECKSUM_EXCLUDE_SIZE = ALIGN (0x0, CY_FLASH_ROW_SIZE)
                [!provide]                PROVIDE (__cy_heap_start, _end)
                0x00000001                PROVIDE (__cy_region_num, ((__cy_regions_end - __cy_regions) / 0x10))
                0x20008000                PROVIDE (__cy_stack, (ORIGIN (ram) + LENGTH (ram)))
                [!provide]                PROVIDE (__cy_heap_end, (__cy_stack - 0x800))

.cybootloader   0x00000000        0x0
 *(.cybootloader)
                0x00000000                appl1_start = CY_APPL_ORIGIN?CY_APPL_ORIGIN:ALIGN (CY_FLASH_ROW_SIZE)
                0x0001ff00                appl2_start = (appl1_start + ALIGN ((((LENGTH (rom) - appl1_start) - (0x2 * CY_FLASH_ROW_SIZE)) / 0x2), CY_FLASH_ROW_SIZE))
                0x00000000                appl_start = (CY_APPL_NUM == 0x1)?appl1_start:appl2_start
                0x00000000                ecc_offset = ((appl_start / CY_FLASH_ROW_SIZE) * CY_ECC_ROW_SIZE)
                0x00000000                ee_offset = (CY_APPL_LOADABLE && ! (CY_EE_IN_BTLDR))?((CY_EE_SIZE / CY_APPL_MAX) * (CY_APPL_NUM - 0x1)):0x0
                0x00000800                ee_size = (CY_APPL_LOADABLE && ! (CY_EE_IN_BTLDR))?(CY_EE_SIZE / CY_APPL_MAX):CY_EE_SIZE
                [!provide]                PROVIDE (CY_ECC_OFFSET, ecc_offset)

.text           0x00000000     0x18c0
 CREATE_OBJECT_SYMBOLS
                0x00000000                PROVIDE (__cy_interrupt_vector, RomVectors)
 *(.romvectors)
 .romvectors    0x00000000       0x10 .\CortexM3\ARM_GCC_541\Debug\Cm3Start.o
                0x00000000                RomVectors
                0x00000001                ASSERT ((. != __cy_interrupt_vector), No interrupt vector)
                0x00000001                ASSERT (CY_APPL_ORIGIN?(SIZEOF (.cybootloader) <= CY_APPL_ORIGIN):0x1, Wrong image location)
                0x00000010                PROVIDE (__cy_reset, Reset)
 *(.text.Reset)
 .text.Reset    0x00000010       0x18 .\CortexM3\ARM_GCC_541\Debug\Cm3Start.o
                0x00000010                Reset
                0x00000001                ASSERT ((. != __cy_reset), No reset code)
 *(.dma_init)
                0x00000001                ASSERT ((((appl_start + .) <= 0x10000) || 0x1), DMA Init must be within the first 64k of flash)
 *(.text .text.* .gnu.linkonce.t.*)
 .text          0x00000028       0x5c c:/program files (x86)/cypress/psoc creator/4.2/psoc creator/import/gnu/arm/5.4.1/bin/../lib/gcc/arm-none-eabi/5.4.1/armv7-m/crtbegin.o
 .text.main     0x00000084       0x24 .\CortexM3\ARM_GCC_541\Debug\main.o
                0x00000084                main
 .text.can_msg_init
                0x000000a8       0x1c .\CortexM3\ARM_GCC_541\Debug\can_manager.o
                0x000000a8                can_msg_init
 .text.can_init
                0x000000c4       0x48 .\CortexM3\ARM_GCC_541\Debug\can_manager.o
                0x000000c4                can_init
 .text.can_compare
                0x0000010c       0xa4 .\CortexM3\ARM_GCC_541\Debug\can_manager.o
                0x0000010c                can_compare
 .text.can_process_BMS_STATUS
                0x000001b0       0x30 .\CortexM3\ARM_GCC_541\Debug\can_manager.o
                0x000001b0                can_process_BMS_STATUS
 .text.can_process_BMS_CURR
                0x000001e0       0x48 .\CortexM3\ARM_GCC_541\Debug\can_manager.o
                0x000001e0                can_process_BMS_CURR
 .text.can_process_BMS_VOLT
                0x00000228       0xa0 .\CortexM3\ARM_GCC_541\Debug\can_manager.o
                0x00000228                can_process_BMS_VOLT
 .text.can_process_BMS_TEMP
                0x000002c8       0x1c .\CortexM3\ARM_GCC_541\Debug\can_manager.o
                0x000002c8                can_process_BMS_TEMP
 .text.can_process_SOC
                0x000002e4       0x14 .\CortexM3\ARM_GCC_541\Debug\can_manager.o
                0x000002e4                can_process_SOC
 .text.can_process_current
                0x000002f8       0x54 .\CortexM3\ARM_GCC_541\Debug\can_manager.o
                0x000002f8                can_process_current
 .text.can_process
                0x0000034c       0xc4 .\CortexM3\ARM_GCC_541\Debug\can_manager.o
                0x0000034c                can_process
 .text.lcd_init
                0x00000410       0x4c .\CortexM3\ARM_GCC_541\Debug\lcd_manager.o
                0x00000410                lcd_init
 .text.lcd_print_bms
                0x0000045c       0x4c .\CortexM3\ARM_GCC_541\Debug\lcd_manager.o
                0x0000045c                lcd_print_bms
 .text.CyClockStartupError
                0x000004a8        0x4 .\CortexM3\ARM_GCC_541\Debug\cyfitter_cfg.o
 .text.cfg_write_bytes32
                0x000004ac       0x34 .\CortexM3\ARM_GCC_541\Debug\cyfitter_cfg.o
 .text.AnalogSetDefault
                0x000004e0       0x28 .\CortexM3\ARM_GCC_541\Debug\cyfitter_cfg.o
 .text.CYMEMZERO
                0x00000508        0xc .\CortexM3\ARM_GCC_541\Debug\cyfitter_cfg.o
 .text.ClockSetup
                0x00000514       0x9c .\CortexM3\ARM_GCC_541\Debug\cyfitter_cfg.o
 .text.CYCONFIGCPY
                0x000005b0        0x8 .\CortexM3\ARM_GCC_541\Debug\cyfitter_cfg.o
 .text.cyfitter_cfg
                0x000005b8       0xe8 .\CortexM3\ARM_GCC_541\Debug\cyfitter_cfg.o
                0x000005b8                cyfitter_cfg
 .text.IntDefaultHandler
                0x000006a0       0x10 .\CortexM3\ARM_GCC_541\Debug\Cm3Start.o
                0x000006a0                IntDefaultHandler
 .text._sbrk    0x000006b0       0x30 .\CortexM3\ARM_GCC_541\Debug\Cm3Start.o
                0x000006b0                _sbrk
 .text.Start_c  0x000006e0       0x4c .\CortexM3\ARM_GCC_541\Debug\Cm3Start.o
                0x000006e0                Start_c
 .text.initialize_psoc
                0x0000072c       0x68 .\CortexM3\ARM_GCC_541\Debug\Cm3Start.o
                0x0000072c                initialize_psoc
 .text.CyHalt   0x00000794        0x4 .\CortexM3\ARM_GCC_541\Debug\Node-Rhinoceros.a(CyLib.o)
                0x00000794                CyHalt
 .text.CyDelay  0x00000798       0x2c .\CortexM3\ARM_GCC_541\Debug\Node-Rhinoceros.a(CyLib.o)
                0x00000798                CyDelay
 .text.CyDelayUs
                0x000007c4       0x14 .\CortexM3\ARM_GCC_541\Debug\Node-Rhinoceros.a(CyLib.o)
                0x000007c4                CyDelayUs
 .text.CyIntSetVector
                0x000007d8       0x28 .\CortexM3\ARM_GCC_541\Debug\Node-Rhinoceros.a(CyLib.o)
                0x000007d8                CyIntSetVector
 .text.CyIntSetPriority
                0x00000800       0x30 .\CortexM3\ARM_GCC_541\Debug\Node-Rhinoceros.a(CyLib.o)
                0x00000800                CyIntSetPriority
 .text.LCD_WrCntrlNib
                0x00000830       0x34 .\CortexM3\ARM_GCC_541\Debug\Node-Rhinoceros.a(LCD.o)
 .text.LCD_WrDatNib
                0x00000864       0x44 .\CortexM3\ARM_GCC_541\Debug\Node-Rhinoceros.a(LCD.o)
 .text.LCD_IsReady
                0x000008a8       0xe4 .\CortexM3\ARM_GCC_541\Debug\Node-Rhinoceros.a(LCD.o)
                0x000008a8                LCD_IsReady
 .text.LCD_WriteData
                0x0000098c       0x18 .\CortexM3\ARM_GCC_541\Debug\Node-Rhinoceros.a(LCD.o)
                0x0000098c                LCD_WriteData
 .text.LCD_PrintString
                0x000009a4       0x1c .\CortexM3\ARM_GCC_541\Debug\Node-Rhinoceros.a(LCD.o)
                0x000009a4                LCD_PrintString
 .text.LCD_PutChar
                0x000009c0        0x8 .\CortexM3\ARM_GCC_541\Debug\Node-Rhinoceros.a(LCD.o)
                0x000009c0                LCD_PutChar
 .text.LCD_WriteControl
                0x000009c8       0x18 .\CortexM3\ARM_GCC_541\Debug\Node-Rhinoceros.a(LCD.o)
                0x000009c8                LCD_WriteControl
 .text.LCD_Init
                0x000009e0       0x6c .\CortexM3\ARM_GCC_541\Debug\Node-Rhinoceros.a(LCD.o)
                0x000009e0                LCD_Init
 .text.LCD_Enable
                0x00000a4c       0x14 .\CortexM3\ARM_GCC_541\Debug\Node-Rhinoceros.a(LCD.o)
                0x00000a4c                LCD_Enable
 .text.LCD_Start
                0x00000a60       0x1c .\CortexM3\ARM_GCC_541\Debug\Node-Rhinoceros.a(LCD.o)
                0x00000a60                LCD_Start
 .text.LCD_Position
                0x00000a7c       0x3c .\CortexM3\ARM_GCC_541\Debug\Node-Rhinoceros.a(LCD.o)
                0x00000a7c                LCD_Position
 .text.LCD_PrintInt8
                0x00000ab8       0x20 .\CortexM3\ARM_GCC_541\Debug\Node-Rhinoceros.a(LCD.o)
                0x00000ab8                LCD_PrintInt8
 .text.CAN_GlobalIntEnable
                0x00000ad8       0x20 .\CortexM3\ARM_GCC_541\Debug\Node-Rhinoceros.a(CAN.o)
                0x00000ad8                CAN_GlobalIntEnable
 .text.CAN_Enable
                0x00000af8       0x6c .\CortexM3\ARM_GCC_541\Debug\Node-Rhinoceros.a(CAN.o)
                0x00000af8                CAN_Enable
 .text.CAN_SetPreScaler
                0x00000b64       0x24 .\CortexM3\ARM_GCC_541\Debug\Node-Rhinoceros.a(CAN.o)
                0x00000b64                CAN_SetPreScaler
 .text.CAN_SetArbiter
                0x00000b88       0x3c .\CortexM3\ARM_GCC_541\Debug\Node-Rhinoceros.a(CAN.o)
                0x00000b88                CAN_SetArbiter
 .text.CAN_SetTsegSample
                0x00000bc4       0x84 .\CortexM3\ARM_GCC_541\Debug\Node-Rhinoceros.a(CAN.o)
                0x00000bc4                CAN_SetTsegSample
 .text.CAN_SetRestartType
                0x00000c48       0x3c .\CortexM3\ARM_GCC_541\Debug\Node-Rhinoceros.a(CAN.o)
                0x00000c48                CAN_SetRestartType
 .text.CAN_SetEdgeMode
                0x00000c84       0x3c .\CortexM3\ARM_GCC_541\Debug\Node-Rhinoceros.a(CAN.o)
                0x00000c84                CAN_SetEdgeMode
 .text.CAN_SetIrqMask
                0x00000cc0       0x18 .\CortexM3\ARM_GCC_541\Debug\Node-Rhinoceros.a(CAN.o)
                0x00000cc0                CAN_SetIrqMask
 .text.CAN_RxBufConfig
                0x00000cd8       0x90 .\CortexM3\ARM_GCC_541\Debug\Node-Rhinoceros.a(CAN.o)
                0x00000cd8                CAN_RxBufConfig
 .text.CAN_TxBufConfig
                0x00000d68       0x54 .\CortexM3\ARM_GCC_541\Debug\Node-Rhinoceros.a(CAN.o)
                0x00000d68                CAN_TxBufConfig
 .text.CAN_RxTxBuffersConfig
                0x00000dbc       0x50 .\CortexM3\ARM_GCC_541\Debug\Node-Rhinoceros.a(CAN.o)
                0x00000dbc                CAN_RxTxBuffersConfig
 .text.CAN_Init
                0x00000e0c       0xe4 .\CortexM3\ARM_GCC_541\Debug\Node-Rhinoceros.a(CAN.o)
                0x00000e0c                CAN_Init
 .text.CAN_Start
                0x00000ef0       0x24 .\CortexM3\ARM_GCC_541\Debug\Node-Rhinoceros.a(CAN.o)
                0x00000ef0                CAN_Start
 .text.CAN_MsgRXIsr
                0x00000f14       0x44 .\CortexM3\ARM_GCC_541\Debug\Node-Rhinoceros.a(CAN_INT.o)
                0x00000f14                CAN_MsgRXIsr
 .text.CAN_ISR  0x00000f58       0x18 .\CortexM3\ARM_GCC_541\Debug\Node-Rhinoceros.a(CAN_INT.o)
                0x00000f58                CAN_ISR
 .text.CAN_ReceiveMsg
                0x00000f70       0x64 .\CortexM3\ARM_GCC_541\Debug\Node-Rhinoceros.a(CAN_TX_RX_func.o)
                0x00000f70                CAN_ReceiveMsg
 *fill*         0x00000fd4        0x4 
 .text          0x00000fd8       0x20 .\CortexM3\ARM_GCC_541\Debug\Node-Rhinoceros.a(CyBootAsmGnu.o)
                0x00000fd8                CyDelayCycles
                0x00000fe8                CyEnterCriticalSection
                0x00000ff0                CyExitCriticalSection
 .text.__errno  0x00000ff8        0xc c:/program files (x86)/cypress/psoc creator/4.2/psoc creator/import/gnu/arm/5.4.1/bin/../lib/gcc/arm-none-eabi/5.4.1/../../../../arm-none-eabi/lib/armv7-m\libg_nano.a(lib_a-errno.o)
                0x00000ff8                __errno
 .text.__libc_init_array
                0x00001004       0x4c c:/program files (x86)/cypress/psoc creator/4.2/psoc creator/import/gnu/arm/5.4.1/bin/../lib/gcc/arm-none-eabi/5.4.1/../../../../arm-none-eabi/lib/armv7-m\libg_nano.a(lib_a-init.o)
                0x00001004                __libc_init_array
 .text.memcpy   0x00001050       0x16 c:/program files (x86)/cypress/psoc creator/4.2/psoc creator/import/gnu/arm/5.4.1/bin/../lib/gcc/arm-none-eabi/5.4.1/../../../../arm-none-eabi/lib/armv7-m\libg_nano.a(lib_a-memcpy-stub.o)
                0x00001050                memcpy
 .text.memset   0x00001066       0x10 c:/program files (x86)/cypress/psoc creator/4.2/psoc creator/import/gnu/arm/5.4.1/bin/../lib/gcc/arm-none-eabi/5.4.1/../../../../arm-none-eabi/lib/armv7-m\libg_nano.a(lib_a-memset.o)
                0x00001066                memset
 *fill*         0x00001076        0x2 
 .text.sprintf  0x00001078       0x48 c:/program files (x86)/cypress/psoc creator/4.2/psoc creator/import/gnu/arm/5.4.1/bin/../lib/gcc/arm-none-eabi/5.4.1/../../../../arm-none-eabi/lib/armv7-m\libg_nano.a(lib_a-sprintf.o)
                0x00001078                siprintf
                0x00001078                sprintf
 .text.__ssputs_r
                0x000010c0       0xb2 c:/program files (x86)/cypress/psoc creator/4.2/psoc creator/import/gnu/arm/5.4.1/bin/../lib/gcc/arm-none-eabi/5.4.1/../../../../arm-none-eabi/lib/armv7-m\libg_nano.a(lib_a-nano-svfprintf.o)
                0x000010c0                __ssputs_r
 *fill*         0x00001172        0x2 
 .text._svfprintf_r
                0x00001174      0x1e8 c:/program files (x86)/cypress/psoc creator/4.2/psoc creator/import/gnu/arm/5.4.1/bin/../lib/gcc/arm-none-eabi/5.4.1/../../../../arm-none-eabi/lib/armv7-m\libg_nano.a(lib_a-nano-svfprintf.o)
                0x00001174                _svfiprintf_r
                0x00001174                _svfprintf_r
 .text._printf_common
                0x0000135c       0xec c:/program files (x86)/cypress/psoc creator/4.2/psoc creator/import/gnu/arm/5.4.1/bin/../lib/gcc/arm-none-eabi/5.4.1/../../../../arm-none-eabi/lib/armv7-m\libg_nano.a(lib_a-nano-vfprintf_i.o)
                0x0000135c                _printf_common
 .text._printf_i
                0x00001448      0x24c c:/program files (x86)/cypress/psoc creator/4.2/psoc creator/import/gnu/arm/5.4.1/bin/../lib/gcc/arm-none-eabi/5.4.1/../../../../arm-none-eabi/lib/armv7-m\libg_nano.a(lib_a-nano-vfprintf_i.o)
                0x00001448                _printf_i
 .text.memchr   0x00001694       0x1c c:/program files (x86)/cypress/psoc creator/4.2/psoc creator/import/gnu/arm/5.4.1/bin/../lib/gcc/arm-none-eabi/5.4.1/../../../../arm-none-eabi/lib/armv7-m\libg_nano.a(lib_a-memchr-stub.o)
                0x00001694                memchr
 .text.memmove  0x000016b0       0x36 c:/program files (x86)/cypress/psoc creator/4.2/psoc creator/import/gnu/arm/5.4.1/bin/../lib/gcc/arm-none-eabi/5.4.1/../../../../arm-none-eabi/lib/armv7-m\libg_nano.a(lib_a-memmove.o)
                0x000016b0                memmove
 *fill*         0x000016e6        0x2 
 .text._free_r  0x000016e8       0x98 c:/program files (x86)/cypress/psoc creator/4.2/psoc creator/import/gnu/arm/5.4.1/bin/../lib/gcc/arm-none-eabi/5.4.1/../../../../arm-none-eabi/lib/armv7-m\libg_nano.a(lib_a-nano-freer.o)
                0x000016e8                _free_r
 .text._malloc_r
                0x00001780       0xbc c:/program files (x86)/cypress/psoc creator/4.2/psoc creator/import/gnu/arm/5.4.1/bin/../lib/gcc/arm-none-eabi/5.4.1/../../../../arm-none-eabi/lib/armv7-m\libg_nano.a(lib_a-nano-mallocr.o)
                0x00001780                _malloc_r
 .text._realloc_r
                0x0000183c       0x4c c:/program files (x86)/cypress/psoc creator/4.2/psoc creator/import/gnu/arm/5.4.1/bin/../lib/gcc/arm-none-eabi/5.4.1/../../../../arm-none-eabi/lib/armv7-m\libg_nano.a(lib_a-nano-reallocr.o)
                0x0000183c                _realloc_r
 .text._sbrk_r  0x00001888       0x20 c:/program files (x86)/cypress/psoc creator/4.2/psoc creator/import/gnu/arm/5.4.1/bin/../lib/gcc/arm-none-eabi/5.4.1/../../../../arm-none-eabi/lib/armv7-m\libg_nano.a(lib_a-sbrkr.o)
                0x00001888                _sbrk_r
 .text.__malloc_lock
                0x000018a8        0x2 c:/program files (x86)/cypress/psoc creator/4.2/psoc creator/import/gnu/arm/5.4.1/bin/../lib/gcc/arm-none-eabi/5.4.1/../../../../arm-none-eabi/lib/armv7-m\libg_nano.a(lib_a-mlock.o)
                0x000018a8                __malloc_lock
 .text.__malloc_unlock
                0x000018aa        0x2 c:/program files (x86)/cypress/psoc creator/4.2/psoc creator/import/gnu/arm/5.4.1/bin/../lib/gcc/arm-none-eabi/5.4.1/../../../../arm-none-eabi/lib/armv7-m\libg_nano.a(lib_a-mlock.o)
                0x000018aa                __malloc_unlock
 .text._malloc_usable_size_r
                0x000018ac       0x14 c:/program files (x86)/cypress/psoc creator/4.2/psoc creator/import/gnu/arm/5.4.1/bin/../lib/gcc/arm-none-eabi/5.4.1/../../../../arm-none-eabi/lib/armv7-m\libg_nano.a(lib_a-nano-msizer.o)
                0x000018ac                _malloc_usable_size_r
 *(.plt)
 *(.gnu.warning)
 *(.glue_7t)
 .glue_7t       0x000018c0        0x0 linker stubs
 *(.glue_7)
 .glue_7        0x000018c0        0x0 linker stubs
 *(.vfp11_veneer)
 .vfp11_veneer  0x000018c0        0x0 linker stubs
 *(.bootloader)
 *(.ARM.extab* .gnu.linkonce.armextab.*)
 *(.gcc_except_table)

.v4_bx          0x000018c0        0x0
 .v4_bx         0x000018c0        0x0 linker stubs

.iplt           0x000018c0        0x0
 .iplt          0x000018c0        0x0 c:/program files (x86)/cypress/psoc creator/4.2/psoc creator/import/gnu/arm/5.4.1/bin/../lib/gcc/arm-none-eabi/5.4.1/armv7-m/crtbegin.o

.eh_frame_hdr
 *(.eh_frame_hdr)

.eh_frame       0x000018c0        0x4
 *(.eh_frame)
 .eh_frame      0x000018c0        0x0 c:/program files (x86)/cypress/psoc creator/4.2/psoc creator/import/gnu/arm/5.4.1/bin/../lib/gcc/arm-none-eabi/5.4.1/armv7-m/crtbegin.o
 .eh_frame      0x000018c0        0x4 c:/program files (x86)/cypress/psoc creator/4.2/psoc creator/import/gnu/arm/5.4.1/bin/../lib/gcc/arm-none-eabi/5.4.1/armv7-m/crtend.o
                [!provide]                PROVIDE (__exidx_start, .)

.ARM.exidx
 *(.ARM.exidx* .gnu.linkonce.armexidx.*)
                0x000018c4                __exidx_end = .

.rodata         0x000018c4      0x29c
 *(.rodata .rodata.* .gnu.linkonce.r.*)
 .rodata.str1.4
                0x000018c4       0x33 .\CortexM3\ARM_GCC_541\Debug\can_manager.o
 *fill*         0x000018f7        0x1 
 .rodata.str1.4
                0x000018f8       0x54 .\CortexM3\ARM_GCC_541\Debug\lcd_manager.o
                                 0x51 (size before relaxing)
 .rodata        0x0000194c       0x36 .\CortexM3\ARM_GCC_541\Debug\cyfitter_cfg.o
 *fill*         0x00001982        0x2 
 .rodata        0x00001984       0x10 .\CortexM3\ARM_GCC_541\Debug\Node-Rhinoceros.a(LCD.o)
 .rodata        0x00001994      0x160 .\CortexM3\ARM_GCC_541\Debug\Node-Rhinoceros.a(CAN.o)
 .rodata.str1.1
                0x00001af4        0x2 c:/program files (x86)/cypress/psoc creator/4.2/psoc creator/import/gnu/arm/5.4.1/bin/../lib/gcc/arm-none-eabi/5.4.1/../../../../arm-none-eabi/lib/armv7-m\libg_nano.a(lib_a-impure.o)
 .rodata.str1.1
                0x00001af6       0x11 c:/program files (x86)/cypress/psoc creator/4.2/psoc creator/import/gnu/arm/5.4.1/bin/../lib/gcc/arm-none-eabi/5.4.1/../../../../arm-none-eabi/lib/armv7-m\libg_nano.a(lib_a-nano-svfprintf.o)
 .rodata.str1.1
                0x00001b07       0x22 c:/program files (x86)/cypress/psoc creator/4.2/psoc creator/import/gnu/arm/5.4.1/bin/../lib/gcc/arm-none-eabi/5.4.1/../../../../arm-none-eabi/lib/armv7-m\libg_nano.a(lib_a-nano-vfprintf_i.o)
                0x00001b2c                . = ALIGN (0x4)
 *fill*         0x00001b29        0x3 
 *(.init)
 .init          0x00001b2c        0x4 c:/program files (x86)/cypress/psoc creator/4.2/psoc creator/import/gnu/arm/5.4.1/bin/../lib/gcc/arm-none-eabi/5.4.1/armv7-m/crti.o
                0x00001b2c                _init
 .init          0x00001b30        0x8 c:/program files (x86)/cypress/psoc creator/4.2/psoc creator/import/gnu/arm/5.4.1/bin/../lib/gcc/arm-none-eabi/5.4.1/armv7-m/crtn.o
                0x00001b38                . = ALIGN (0x4)
                0x00001b38                __preinit_array_start = .
 *(.preinit_array)
                0x00001b38                __preinit_array_end = .
                0x00001b38                . = ALIGN (0x4)
                0x00001b38                __init_array_start = .
 *(SORT(.init_array.*))
 *(.init_array)
 .init_array    0x00001b38        0x4 c:/program files (x86)/cypress/psoc creator/4.2/psoc creator/import/gnu/arm/5.4.1/bin/../lib/gcc/arm-none-eabi/5.4.1/armv7-m/crtbegin.o
 .init_array    0x00001b3c        0x4 .\CortexM3\ARM_GCC_541\Debug\Cm3Start.o
                0x00001b40                __init_array_end = .
                0x00001b40                . = ALIGN (0x4)
 *(.fini)
 .fini          0x00001b40        0x4 c:/program files (x86)/cypress/psoc creator/4.2/psoc creator/import/gnu/arm/5.4.1/bin/../lib/gcc/arm-none-eabi/5.4.1/armv7-m/crti.o
                0x00001b40                _fini
 .fini          0x00001b44        0x8 c:/program files (x86)/cypress/psoc creator/4.2/psoc creator/import/gnu/arm/5.4.1/bin/../lib/gcc/arm-none-eabi/5.4.1/armv7-m/crtn.o
                0x00001b4c                . = ALIGN (0x4)
                0x00001b4c                __fini_array_start = .
 *(.fini_array)
 .fini_array    0x00001b4c        0x4 c:/program files (x86)/cypress/psoc creator/4.2/psoc creator/import/gnu/arm/5.4.1/bin/../lib/gcc/arm-none-eabi/5.4.1/armv7-m/crtbegin.o
 *(SORT(.fini_array.*))
                0x00001b50                __fini_array_end = .
                0x00001b50                . = ALIGN (0x4)
 *crtbegin.o(.ctors)
 *(EXCLUDE_FILE(*crtend.o) .ctors)
 *(SORT(.ctors.*))
 *crtend.o(.ctors)
                0x00001b50                . = ALIGN (0x4)
 *crtbegin.o(.dtors)
 *(EXCLUDE_FILE(*crtend.o) .dtors)
 *(SORT(.dtors.*))
 *crtend.o(.dtors)
                0x00001b50                . = ALIGN (0x4)
                0x00001b50                __cy_regions = .
                0x00001b50        0x4 LONG 0x1b60 __cy_region_init_ram
                0x00001b54        0x4 LONG 0x1fff80c8 __cy_region_start_data
                0x00001b58        0x4 LONG 0x440 __cy_region_init_size_ram
                0x00001b5c        0x4 LONG 0x98 __cy_region_zero_size_ram
                0x00001b60                __cy_regions_end = .
                0x00001b60                . = ALIGN (0x8)
                0x00001b60                _etext = .

.cy_checksum_exclude
                0x00001b60        0x0
 *(.cy_checksum_exclude)

.ramvectors     0x1fff8000       0xc0
                0x1fff8000                __cy_region_start_ram = .
 *(.ramvectors)
 .ramvectors    0x1fff8000       0xc0 .\CortexM3\ARM_GCC_541\Debug\Cm3Start.o
                0x1fff8000                CyRamVectors

.noinit         0x1fff80c0        0x1
 *(.noinit)
 .noinit        0x1fff80c0        0x1 .\CortexM3\ARM_GCC_541\Debug\Node-Rhinoceros.a(CyLib.o)
                0x1fff80c0                CyResetStatus

.data           0x1fff80c8      0x440 load address 0x00001b60
                0x1fff80c8                __cy_region_start_data = .
 *(.jcr)
 .jcr           0x1fff80c8        0x0 c:/program files (x86)/cypress/psoc creator/4.2/psoc creator/import/gnu/arm/5.4.1/bin/../lib/gcc/arm-none-eabi/5.4.1/armv7-m/crtbegin.o
 .jcr           0x1fff80c8        0x4 c:/program files (x86)/cypress/psoc creator/4.2/psoc creator/import/gnu/arm/5.4.1/bin/../lib/gcc/arm-none-eabi/5.4.1/armv7-m/crtend.o
 *(.got.plt)
 *(.got)
 *(.shdata)
 *(.data .data.* .gnu.linkonce.d.*)
 .data          0x1fff80cc      0x3c0 .\CortexM3\ARM_GCC_541\Debug\can_manager.o
                0x1fff80cc                SOC_LUT
 .data          0x1fff848c        0x4 .\CortexM3\ARM_GCC_541\Debug\Cm3Start.o
 .data          0x1fff8490       0x10 .\CortexM3\ARM_GCC_541\Debug\Node-Rhinoceros.a(CyLib.o)
                0x1fff8490                cydelay_32k_ms
                0x1fff8494                cydelay_freq_khz
                0x1fff8498                cydelay_freq_mhz
                0x1fff849c                cydelay_freq_hz
 .data.impure_data
                0x1fff84a0       0x60 c:/program files (x86)/cypress/psoc creator/4.2/psoc creator/import/gnu/arm/5.4.1/bin/../lib/gcc/arm-none-eabi/5.4.1/../../../../arm-none-eabi/lib/armv7-m\libg_nano.a(lib_a-impure.o)
 .data._impure_ptr
                0x1fff8500        0x4 c:/program files (x86)/cypress/psoc creator/4.2/psoc creator/import/gnu/arm/5.4.1/bin/../lib/gcc/arm-none-eabi/5.4.1/../../../../arm-none-eabi/lib/armv7-m\libg_nano.a(lib_a-impure.o)
                0x1fff8500                _impure_ptr
                0x1fff8508                . = ALIGN (0x8)
 *fill*         0x1fff8504        0x4 
 *(.ram)
                0x1fff8508                _edata = .

.igot.plt       0x1fff8508        0x0 load address 0x00001fa0
 .igot.plt      0x1fff8508        0x0 c:/program files (x86)/cypress/psoc creator/4.2/psoc creator/import/gnu/arm/5.4.1/bin/../lib/gcc/arm-none-eabi/5.4.1/armv7-m/crtbegin.o

.bss            0x1fff8508       0x98 load address 0x00001fa0
                0x1fff8508                PROVIDE (__bss_start__, .)
 *(.shbss)
 *(.bss .bss.* .gnu.linkonce.b.*)
 .bss           0x1fff8508       0x1c c:/program files (x86)/cypress/psoc creator/4.2/psoc creator/import/gnu/arm/5.4.1/bin/../lib/gcc/arm-none-eabi/5.4.1/armv7-m/crtbegin.o
 .bss           0x1fff8524        0xc .\CortexM3\ARM_GCC_541\Debug\main.o
                0x1fff8524                amps
                0x1fff8528                charge
                0x1fff852c                voltage
 .bss           0x1fff8530        0x2 .\CortexM3\ARM_GCC_541\Debug\Node-Rhinoceros.a(LCD.o)
                0x1fff8530                LCD_enableState
                0x1fff8531                LCD_initVar
 .bss           0x1fff8532        0x1 .\CortexM3\ARM_GCC_541\Debug\Node-Rhinoceros.a(CAN.o)
                0x1fff8532                CAN_initVar
 *fill*         0x1fff8533        0x1 
 .bss.__malloc_sbrk_start
                0x1fff8534        0x4 c:/program files (x86)/cypress/psoc creator/4.2/psoc creator/import/gnu/arm/5.4.1/bin/../lib/gcc/arm-none-eabi/5.4.1/../../../../arm-none-eabi/lib/armv7-m\libg_nano.a(lib_a-nano-mallocr.o)
                0x1fff8534                __malloc_sbrk_start
 .bss.__malloc_free_list
                0x1fff8538        0x4 c:/program files (x86)/cypress/psoc creator/4.2/psoc creator/import/gnu/arm/5.4.1/bin/../lib/gcc/arm-none-eabi/5.4.1/../../../../arm-none-eabi/lib/armv7-m\libg_nano.a(lib_a-nano-mallocr.o)
                0x1fff8538                __malloc_free_list
 *(COMMON)
 COMMON         0x1fff853c       0x60 .\CortexM3\ARM_GCC_541\Debug\can_manager.o
                0x1fff853c                CURR
                0x1fff854c                BMS_CURRENT
                0x1fff855c                BMS_STATUS
                0x1fff856c                BMS_VOLTAGE
                0x1fff857c                BMS_TEMP
                0x1fff858c                SOC
 COMMON         0x1fff859c        0x4 c:/program files (x86)/cypress/psoc creator/4.2/psoc creator/import/gnu/arm/5.4.1/bin/../lib/gcc/arm-none-eabi/5.4.1/../../../../arm-none-eabi/lib/armv7-m\libg_nano.a(lib_a-reent.o)
                0x1fff859c                errno
                0x1fff85a0                . = ALIGN (0x8)
 *(.ram.b)
                0x1fff85a0                _end = .
                0x1fff85a0                __end = .
                0x1fff85a0                PROVIDE (end, .)
                0x1fff85a0                PROVIDE (__bss_end__, .)
                0x00001b60                __cy_region_init_ram = LOADADDR (.data)
                0x00000440                __cy_region_init_size_ram = (_edata - ADDR (.data))
                0x00000098                __cy_region_zero_size_ram = (_end - _edata)

.heap           0x1fff85a0       0x80 load address 0x00001fa0
                0x1fff85a0                . = _end
                0x1fff8620                . = (. + 0x80)
 *fill*         0x1fff85a0       0x80 
                0x1fff8620                __cy_heap_limit = .

.stack          0x20007800      0x800
                0x20007800                __cy_stack_limit = .
                0x20008000                . = (. + 0x800)
 *fill*         0x20007800      0x800 
                0x00000001                ASSERT ((__cy_stack_limit >= __cy_heap_limit), region RAM overflowed with stack)
                0x00000000                cy_checksum_exclude_size = (CY_APPL_LOADABLE == 0x1)?SIZEOF (.cy_checksum_exclude):0x0
                0x00000001                ASSERT ((cy_checksum_exclude_size <= CY_CHECKSUM_EXCLUDE_SIZE), CY_BOOT: Section .cy_checksum_exclude size exceedes specified limit.)

.cyloadermeta
 *(.cyloadermeta)

.cyloadablemeta
 *(.cyloadablemeta)

.cyconfigecc    0x80000000       0x90
 *(.cyconfigecc)
 .cyconfigecc   0x80000000       0x90 .\CortexM3\ARM_GCC_541\Debug\cymetadata.o
                0x80000000                cy_meta_configecc

.cycustnvl      0x90000000        0x4
 *(.cycustnvl)
 .cycustnvl     0x90000000        0x4 .\CortexM3\ARM_GCC_541\Debug\cymetadata.o
                0x90000000                cy_meta_custnvl

.cywolatch      0x90100000        0x4
 *(.cywolatch)
 .cywolatch     0x90100000        0x4 .\CortexM3\ARM_GCC_541\Debug\cymetadata.o
                0x90100000                cy_meta_wonvl

.cyeeprom       0x90200000        0x0
 *(.cyeeprom)
                0x00000001                ASSERT ((. <= ((0x90200000 + ee_offset) + ee_size)), .cyeeprom data will not fit in EEPROM)

.cyflashprotect
                0x90400000      0x100
 *(.cyflashprotect)
 .cyflashprotect
                0x90400000      0x100 .\CortexM3\ARM_GCC_541\Debug\cymetadata.o
                0x90400000                cy_meta_flashprotect

.cymeta         0x90500000        0xc
 *(.cymeta)
 .cymeta        0x90500000        0xc .\CortexM3\ARM_GCC_541\Debug\cymetadata.o
                0x90500000                cy_metadata

.rel.dyn        0x00001fa0        0x0 load address 0x9050000c
 .rel.iplt      0x00001fa0        0x0 c:/program files (x86)/cypress/psoc creator/4.2/psoc creator/import/gnu/arm/5.4.1/bin/../lib/gcc/arm-none-eabi/5.4.1/armv7-m/crtbegin.o

.stab
 *(.stab)

.stabstr
 *(.stabstr)

.debug
 *(.debug)

.line
 *(.line)

.debug_srcinfo
 *(.debug_srcinfo)

.debug_sfnames
 *(.debug_sfnames)

.debug_aranges  0x00000000      0x798
 *(.debug_aranges)
 .debug_aranges
                0x00000000       0x28 .\CortexM3\ARM_GCC_541\Debug\main.o
 .debug_aranges
                0x00000028       0x78 .\CortexM3\ARM_GCC_541\Debug\can_manager.o
 .debug_aranges
                0x000000a0       0x38 .\CortexM3\ARM_GCC_541\Debug\lcd_manager.o
 .debug_aranges
                0x000000d8       0x58 .\CortexM3\ARM_GCC_541\Debug\cyfitter_cfg.o
 .debug_aranges
                0x00000130       0x18 .\CortexM3\ARM_GCC_541\Debug\cymetadata.o
 .debug_aranges
                0x00000148       0x48 .\CortexM3\ARM_GCC_541\Debug\Cm3Start.o
 .debug_aranges
                0x00000190      0x2a0 .\CortexM3\ARM_GCC_541\Debug\Node-Rhinoceros.a(CyLib.o)
 .debug_aranges
                0x00000430       0x98 .\CortexM3\ARM_GCC_541\Debug\Node-Rhinoceros.a(cyPm.o)
 .debug_aranges
                0x000004c8       0x98 .\CortexM3\ARM_GCC_541\Debug\Node-Rhinoceros.a(LCD.o)
 .debug_aranges
                0x00000560       0xc8 .\CortexM3\ARM_GCC_541\Debug\Node-Rhinoceros.a(CAN.o)
 .debug_aranges
                0x00000628       0x28 .\CortexM3\ARM_GCC_541\Debug\Node-Rhinoceros.a(CAN_INT.o)
 .debug_aranges
                0x00000650       0x30 .\CortexM3\ARM_GCC_541\Debug\Node-Rhinoceros.a(CAN_TX_RX_func.o)
 .debug_aranges
                0x00000680       0x20 .\CortexM3\ARM_GCC_541\Debug\Node-Rhinoceros.a(CyBootAsmGnu.o)
 .debug_aranges
                0x000006a0       0x80 .\CortexM3\ARM_GCC_541\Debug\Node-Rhinoceros.a(CyFlash.o)
 .debug_aranges
                0x00000720       0x78 .\CortexM3\ARM_GCC_541\Debug\Node-Rhinoceros.a(CySpc.o)

.debug_pubnames
 *(.debug_pubnames)

.debug_info     0x00000000     0x58ea
 *(.debug_info .gnu.linkonce.wi.*)
 .debug_info    0x00000000      0x27f .\CortexM3\ARM_GCC_541\Debug\main.o
 .debug_info    0x0000027f      0x902 .\CortexM3\ARM_GCC_541\Debug\can_manager.o
 .debug_info    0x00000b81      0x454 .\CortexM3\ARM_GCC_541\Debug\lcd_manager.o
 .debug_info    0x00000fd5      0x4f1 .\CortexM3\ARM_GCC_541\Debug\cyfitter_cfg.o
 .debug_info    0x000014c6      0x134 .\CortexM3\ARM_GCC_541\Debug\cymetadata.o
 .debug_info    0x000015fa      0x3b5 .\CortexM3\ARM_GCC_541\Debug\Cm3Start.o
 .debug_info    0x000019af     0x1374 .\CortexM3\ARM_GCC_541\Debug\Node-Rhinoceros.a(CyLib.o)
 .debug_info    0x00002d23      0xa1d .\CortexM3\ARM_GCC_541\Debug\Node-Rhinoceros.a(cyPm.o)
 .debug_info    0x00003740      0x715 .\CortexM3\ARM_GCC_541\Debug\Node-Rhinoceros.a(LCD.o)
 .debug_info    0x00003e55      0x90f .\CortexM3\ARM_GCC_541\Debug\Node-Rhinoceros.a(CAN.o)
 .debug_info    0x00004764      0x20e .\CortexM3\ARM_GCC_541\Debug\Node-Rhinoceros.a(CAN_INT.o)
 .debug_info    0x00004972      0x44e .\CortexM3\ARM_GCC_541\Debug\Node-Rhinoceros.a(CAN_TX_RX_func.o)
 .debug_info    0x00004dc0       0x89 .\CortexM3\ARM_GCC_541\Debug\Node-Rhinoceros.a(CyBootAsmGnu.o)
 .debug_info    0x00004e49      0x5b8 .\CortexM3\ARM_GCC_541\Debug\Node-Rhinoceros.a(CyFlash.o)
 .debug_info    0x00005401      0x4e9 .\CortexM3\ARM_GCC_541\Debug\Node-Rhinoceros.a(CySpc.o)

.debug_abbrev   0x00000000     0x15b1
 *(.debug_abbrev)
 .debug_abbrev  0x00000000      0x13d .\CortexM3\ARM_GCC_541\Debug\main.o
 .debug_abbrev  0x0000013d      0x245 .\CortexM3\ARM_GCC_541\Debug\can_manager.o
 .debug_abbrev  0x00000382      0x159 .\CortexM3\ARM_GCC_541\Debug\lcd_manager.o
 .debug_abbrev  0x000004db      0x1fe .\CortexM3\ARM_GCC_541\Debug\cyfitter_cfg.o
 .debug_abbrev  0x000006d9       0x5d .\CortexM3\ARM_GCC_541\Debug\cymetadata.o
 .debug_abbrev  0x00000736      0x1e8 .\CortexM3\ARM_GCC_541\Debug\Cm3Start.o
 .debug_abbrev  0x0000091e      0x254 .\CortexM3\ARM_GCC_541\Debug\Node-Rhinoceros.a(CyLib.o)
 .debug_abbrev  0x00000b72      0x1ab .\CortexM3\ARM_GCC_541\Debug\Node-Rhinoceros.a(cyPm.o)
 .debug_abbrev  0x00000d1d      0x157 .\CortexM3\ARM_GCC_541\Debug\Node-Rhinoceros.a(LCD.o)
 .debug_abbrev  0x00000e74      0x195 .\CortexM3\ARM_GCC_541\Debug\Node-Rhinoceros.a(CAN.o)
 .debug_abbrev  0x00001009       0xd5 .\CortexM3\ARM_GCC_541\Debug\Node-Rhinoceros.a(CAN_INT.o)
 .debug_abbrev  0x000010de      0x193 .\CortexM3\ARM_GCC_541\Debug\Node-Rhinoceros.a(CAN_TX_RX_func.o)
 .debug_abbrev  0x00001271       0x14 .\CortexM3\ARM_GCC_541\Debug\Node-Rhinoceros.a(CyBootAsmGnu.o)
 .debug_abbrev  0x00001285      0x198 .\CortexM3\ARM_GCC_541\Debug\Node-Rhinoceros.a(CyFlash.o)
 .debug_abbrev  0x0000141d      0x194 .\CortexM3\ARM_GCC_541\Debug\Node-Rhinoceros.a(CySpc.o)

.debug_line     0x00000000     0x2504
 *(.debug_line)
 .debug_line    0x00000000      0x1a6 .\CortexM3\ARM_GCC_541\Debug\main.o
 .debug_line    0x000001a6      0x399 .\CortexM3\ARM_GCC_541\Debug\can_manager.o
 .debug_line    0x0000053f      0x23a .\CortexM3\ARM_GCC_541\Debug\lcd_manager.o
 .debug_line    0x00000779      0x1d3 .\CortexM3\ARM_GCC_541\Debug\cyfitter_cfg.o
 .debug_line    0x0000094c      0x141 .\CortexM3\ARM_GCC_541\Debug\cymetadata.o
 .debug_line    0x00000a8d      0x234 .\CortexM3\ARM_GCC_541\Debug\Cm3Start.o
 .debug_line    0x00000cc1      0x816 .\CortexM3\ARM_GCC_541\Debug\Node-Rhinoceros.a(CyLib.o)
 .debug_line    0x000014d7      0x364 .\CortexM3\ARM_GCC_541\Debug\Node-Rhinoceros.a(cyPm.o)
 .debug_line    0x0000183b      0x1dc .\CortexM3\ARM_GCC_541\Debug\Node-Rhinoceros.a(LCD.o)
 .debug_line    0x00001a17      0x37e .\CortexM3\ARM_GCC_541\Debug\Node-Rhinoceros.a(CAN.o)
 .debug_line    0x00001d95       0x9c .\CortexM3\ARM_GCC_541\Debug\Node-Rhinoceros.a(CAN_INT.o)
 .debug_line    0x00001e31      0x248 .\CortexM3\ARM_GCC_541\Debug\Node-Rhinoceros.a(CAN_TX_RX_func.o)
 .debug_line    0x00002079       0x66 .\CortexM3\ARM_GCC_541\Debug\Node-Rhinoceros.a(CyBootAsmGnu.o)
 .debug_line    0x000020df      0x1e9 .\CortexM3\ARM_GCC_541\Debug\Node-Rhinoceros.a(CyFlash.o)
 .debug_line    0x000022c8      0x23c .\CortexM3\ARM_GCC_541\Debug\Node-Rhinoceros.a(CySpc.o)

.debug_frame    0x00000000     0x181c
 *(.debug_frame)
 .debug_frame   0x00000000       0x48 .\CortexM3\ARM_GCC_541\Debug\main.o
 .debug_frame   0x00000048      0x154 .\CortexM3\ARM_GCC_541\Debug\can_manager.o
 .debug_frame   0x0000019c       0x90 .\CortexM3\ARM_GCC_541\Debug\lcd_manager.o
 .debug_frame   0x0000022c       0xe4 .\CortexM3\ARM_GCC_541\Debug\cyfitter_cfg.o
 .debug_frame   0x00000310       0xb8 .\CortexM3\ARM_GCC_541\Debug\Cm3Start.o
 .debug_frame   0x000003c8      0x738 .\CortexM3\ARM_GCC_541\Debug\Node-Rhinoceros.a(CyLib.o)
 .debug_frame   0x00000b00      0x1f8 .\CortexM3\ARM_GCC_541\Debug\Node-Rhinoceros.a(cyPm.o)
 .debug_frame   0x00000cf8      0x1e8 .\CortexM3\ARM_GCC_541\Debug\Node-Rhinoceros.a(LCD.o)
 .debug_frame   0x00000ee0      0x1cc .\CortexM3\ARM_GCC_541\Debug\Node-Rhinoceros.a(CAN.o)
 .debug_frame   0x000010ac       0x4c .\CortexM3\ARM_GCC_541\Debug\Node-Rhinoceros.a(CAN_INT.o)
 .debug_frame   0x000010f8       0x6c .\CortexM3\ARM_GCC_541\Debug\Node-Rhinoceros.a(CAN_TX_RX_func.o)
 .debug_frame   0x00001164      0x174 .\CortexM3\ARM_GCC_541\Debug\Node-Rhinoceros.a(CyFlash.o)
 .debug_frame   0x000012d8      0x160 .\CortexM3\ARM_GCC_541\Debug\Node-Rhinoceros.a(CySpc.o)
 .debug_frame   0x00001438       0x20 c:/program files (x86)/cypress/psoc creator/4.2/psoc creator/import/gnu/arm/5.4.1/bin/../lib/gcc/arm-none-eabi/5.4.1/../../../../arm-none-eabi/lib/armv7-m\libg_nano.a(lib_a-errno.o)
 .debug_frame   0x00001458       0x28 c:/program files (x86)/cypress/psoc creator/4.2/psoc creator/import/gnu/arm/5.4.1/bin/../lib/gcc/arm-none-eabi/5.4.1/../../../../arm-none-eabi/lib/armv7-m\libg_nano.a(lib_a-exit.o)
 .debug_frame   0x00001480       0x2c c:/program files (x86)/cypress/psoc creator/4.2/psoc creator/import/gnu/arm/5.4.1/bin/../lib/gcc/arm-none-eabi/5.4.1/../../../../arm-none-eabi/lib/armv7-m\libg_nano.a(lib_a-init.o)
 .debug_frame   0x000014ac       0x28 c:/program files (x86)/cypress/psoc creator/4.2/psoc creator/import/gnu/arm/5.4.1/bin/../lib/gcc/arm-none-eabi/5.4.1/../../../../arm-none-eabi/lib/armv7-m\libg_nano.a(lib_a-memcpy-stub.o)
 .debug_frame   0x000014d4       0x20 c:/program files (x86)/cypress/psoc creator/4.2/psoc creator/import/gnu/arm/5.4.1/bin/../lib/gcc/arm-none-eabi/5.4.1/../../../../arm-none-eabi/lib/armv7-m\libg_nano.a(lib_a-memset.o)
 .debug_frame   0x000014f4       0x70 c:/program files (x86)/cypress/psoc creator/4.2/psoc creator/import/gnu/arm/5.4.1/bin/../lib/gcc/arm-none-eabi/5.4.1/../../../../arm-none-eabi/lib/armv7-m\libg_nano.a(lib_a-sprintf.o)
 .debug_frame   0x00001564       0x90 c:/program files (x86)/cypress/psoc creator/4.2/psoc creator/import/gnu/arm/5.4.1/bin/../lib/gcc/arm-none-eabi/5.4.1/../../../../arm-none-eabi/lib/armv7-m\libg_nano.a(lib_a-nano-svfprintf.o)
 .debug_frame   0x000015f4       0x60 c:/program files (x86)/cypress/psoc creator/4.2/psoc creator/import/gnu/arm/5.4.1/bin/../lib/gcc/arm-none-eabi/5.4.1/../../../../arm-none-eabi/lib/armv7-m\libg_nano.a(lib_a-nano-vfprintf_i.o)
 .debug_frame   0x00001654       0x28 c:/program files (x86)/cypress/psoc creator/4.2/psoc creator/import/gnu/arm/5.4.1/bin/../lib/gcc/arm-none-eabi/5.4.1/../../../../arm-none-eabi/lib/armv7-m\libg_nano.a(lib_a-memchr-stub.o)
 .debug_frame   0x0000167c       0x28 c:/program files (x86)/cypress/psoc creator/4.2/psoc creator/import/gnu/arm/5.4.1/bin/../lib/gcc/arm-none-eabi/5.4.1/../../../../arm-none-eabi/lib/armv7-m\libg_nano.a(lib_a-memmove.o)
 .debug_frame   0x000016a4       0x38 c:/program files (x86)/cypress/psoc creator/4.2/psoc creator/import/gnu/arm/5.4.1/bin/../lib/gcc/arm-none-eabi/5.4.1/../../../../arm-none-eabi/lib/armv7-m\libg_nano.a(lib_a-nano-freer.o)
 .debug_frame   0x000016dc       0x2c c:/program files (x86)/cypress/psoc creator/4.2/psoc creator/import/gnu/arm/5.4.1/bin/../lib/gcc/arm-none-eabi/5.4.1/../../../../arm-none-eabi/lib/armv7-m\libg_nano.a(lib_a-nano-mallocr.o)
 .debug_frame   0x00001708       0x3c c:/program files (x86)/cypress/psoc creator/4.2/psoc creator/import/gnu/arm/5.4.1/bin/../lib/gcc/arm-none-eabi/5.4.1/../../../../arm-none-eabi/lib/armv7-m\libg_nano.a(lib_a-nano-reallocr.o)
 .debug_frame   0x00001744       0x2c c:/program files (x86)/cypress/psoc creator/4.2/psoc creator/import/gnu/arm/5.4.1/bin/../lib/gcc/arm-none-eabi/5.4.1/../../../../arm-none-eabi/lib/armv7-m\libg_nano.a(lib_a-sbrkr.o)
 .debug_frame   0x00001770       0x30 c:/program files (x86)/cypress/psoc creator/4.2/psoc creator/import/gnu/arm/5.4.1/bin/../lib/gcc/arm-none-eabi/5.4.1/../../../../arm-none-eabi/lib/armv7-m\libg_nano.a(lib_a-mlock.o)
 .debug_frame   0x000017a0       0x20 c:/program files (x86)/cypress/psoc creator/4.2/psoc creator/import/gnu/arm/5.4.1/bin/../lib/gcc/arm-none-eabi/5.4.1/../../../../arm-none-eabi/lib/armv7-m\libg_nano.a(lib_a-nano-msizer.o)
 .debug_frame   0x000017c0       0x5c c:/program files (x86)/cypress/psoc creator/4.2/psoc creator/import/gnu/arm/5.4.1/bin/../lib/gcc/arm-none-eabi/5.4.1/../../../../arm-none-eabi/lib/armv7-m\libg_nano.a(lib_a-reent.o)

.debug_str      0x00000000     0x1a14
 *(.debug_str)
 .debug_str     0x00000000      0x21d .\CortexM3\ARM_GCC_541\Debug\main.o
                                0x28b (size before relaxing)
 .debug_str     0x0000021d      0x225 .\CortexM3\ARM_GCC_541\Debug\can_manager.o
                                0x467 (size before relaxing)
 .debug_str     0x00000442       0x80 .\CortexM3\ARM_GCC_541\Debug\lcd_manager.o
                                0x2d9 (size before relaxing)
 .debug_str     0x000004c2      0x16d .\CortexM3\ARM_GCC_541\Debug\cyfitter_cfg.o
                                0x308 (size before relaxing)
 .debug_str     0x0000062f       0x75 .\CortexM3\ARM_GCC_541\Debug\cymetadata.o
                                0x1dd (size before relaxing)
 .debug_str     0x000006a4      0x13f .\CortexM3\ARM_GCC_541\Debug\Cm3Start.o
                                0x303 (size before relaxing)
 .debug_str     0x000007e3      0x811 .\CortexM3\ARM_GCC_541\Debug\Node-Rhinoceros.a(CyLib.o)
                                0xa40 (size before relaxing)
 .debug_str     0x00000ff4      0x359 .\CortexM3\ARM_GCC_541\Debug\Node-Rhinoceros.a(cyPm.o)
                                0x720 (size before relaxing)
 .debug_str     0x0000134d      0x115 .\CortexM3\ARM_GCC_541\Debug\Node-Rhinoceros.a(LCD.o)
                                0x324 (size before relaxing)
 .debug_str     0x00001462      0x2b5 .\CortexM3\ARM_GCC_541\Debug\Node-Rhinoceros.a(CAN.o)
                                0x4da (size before relaxing)
 .debug_str     0x00001717       0x53 .\CortexM3\ARM_GCC_541\Debug\Node-Rhinoceros.a(CAN_INT.o)
                                0x23e (size before relaxing)
 .debug_str     0x0000176a       0x62 .\CortexM3\ARM_GCC_541\Debug\Node-Rhinoceros.a(CAN_TX_RX_func.o)
                                0x346 (size before relaxing)
 .debug_str     0x000017cc      0x19c .\CortexM3\ARM_GCC_541\Debug\Node-Rhinoceros.a(CyFlash.o)
                                0x39a (size before relaxing)
 .debug_str     0x00001968       0xac .\CortexM3\ARM_GCC_541\Debug\Node-Rhinoceros.a(CySpc.o)
                                0x323 (size before relaxing)

.debug_loc      0x00000000     0x2d2c
 *(.debug_loc)
 .debug_loc     0x00000000       0x21 .\CortexM3\ARM_GCC_541\Debug\main.o
 .debug_loc     0x00000021      0x545 .\CortexM3\ARM_GCC_541\Debug\can_manager.o
 .debug_loc     0x00000566       0x21 .\CortexM3\ARM_GCC_541\Debug\lcd_manager.o
 .debug_loc     0x00000587      0x1d7 .\CortexM3\ARM_GCC_541\Debug\cyfitter_cfg.o
 .debug_loc     0x0000075e      0x144 .\CortexM3\ARM_GCC_541\Debug\Cm3Start.o
 .debug_loc     0x000008a2      0xa11 .\CortexM3\ARM_GCC_541\Debug\Node-Rhinoceros.a(CyLib.o)
 .debug_loc     0x000012b3      0x1e4 .\CortexM3\ARM_GCC_541\Debug\Node-Rhinoceros.a(cyPm.o)
 .debug_loc     0x00001497      0x3c6 .\CortexM3\ARM_GCC_541\Debug\Node-Rhinoceros.a(LCD.o)
 .debug_loc     0x0000185d      0x980 .\CortexM3\ARM_GCC_541\Debug\Node-Rhinoceros.a(CAN.o)
 .debug_loc     0x000021dd       0x54 .\CortexM3\ARM_GCC_541\Debug\Node-Rhinoceros.a(CAN_INT.o)
 .debug_loc     0x00002231      0x1bc .\CortexM3\ARM_GCC_541\Debug\Node-Rhinoceros.a(CAN_TX_RX_func.o)
 .debug_loc     0x000023ed      0x2f2 .\CortexM3\ARM_GCC_541\Debug\Node-Rhinoceros.a(CyFlash.o)
 .debug_loc     0x000026df      0x64d .\CortexM3\ARM_GCC_541\Debug\Node-Rhinoceros.a(CySpc.o)

.debug_macinfo
 *(.debug_macinfo)

.debug_ranges   0x00000000      0x690
 *(.debug_ranges)
 .debug_ranges  0x00000000       0x18 .\CortexM3\ARM_GCC_541\Debug\main.o
 .debug_ranges  0x00000018       0x68 .\CortexM3\ARM_GCC_541\Debug\can_manager.o
 .debug_ranges  0x00000080       0x28 .\CortexM3\ARM_GCC_541\Debug\lcd_manager.o
 .debug_ranges  0x000000a8       0x48 .\CortexM3\ARM_GCC_541\Debug\cyfitter_cfg.o
 .debug_ranges  0x000000f0       0x38 .\CortexM3\ARM_GCC_541\Debug\Cm3Start.o
 .debug_ranges  0x00000128      0x290 .\CortexM3\ARM_GCC_541\Debug\Node-Rhinoceros.a(CyLib.o)
 .debug_ranges  0x000003b8       0x88 .\CortexM3\ARM_GCC_541\Debug\Node-Rhinoceros.a(cyPm.o)
 .debug_ranges  0x00000440       0x88 .\CortexM3\ARM_GCC_541\Debug\Node-Rhinoceros.a(LCD.o)
 .debug_ranges  0x000004c8       0xb8 .\CortexM3\ARM_GCC_541\Debug\Node-Rhinoceros.a(CAN.o)
 .debug_ranges  0x00000580       0x18 .\CortexM3\ARM_GCC_541\Debug\Node-Rhinoceros.a(CAN_INT.o)
 .debug_ranges  0x00000598       0x20 .\CortexM3\ARM_GCC_541\Debug\Node-Rhinoceros.a(CAN_TX_RX_func.o)
 .debug_ranges  0x000005b8       0x70 .\CortexM3\ARM_GCC_541\Debug\Node-Rhinoceros.a(CyFlash.o)
 .debug_ranges  0x00000628       0x68 .\CortexM3\ARM_GCC_541\Debug\Node-Rhinoceros.a(CySpc.o)

.comment        0x00000000       0x6e
 .comment       0x00000000       0x6e .\CortexM3\ARM_GCC_541\Debug\main.o
                                 0x6f (size before relaxing)
 .comment       0x0000006e       0x6f .\CortexM3\ARM_GCC_541\Debug\can_manager.o
 .comment       0x0000006e       0x6f .\CortexM3\ARM_GCC_541\Debug\lcd_manager.o
 .comment       0x0000006e       0x6f .\CortexM3\ARM_GCC_541\Debug\cyfitter_cfg.o
 .comment       0x0000006e       0x6f .\CortexM3\ARM_GCC_541\Debug\cymetadata.o
 .comment       0x0000006e       0x6f .\CortexM3\ARM_GCC_541\Debug\Cm3Start.o
 .comment       0x0000006e       0x6f .\CortexM3\ARM_GCC_541\Debug\Node-Rhinoceros.a(CyLib.o)
 .comment       0x0000006e       0x6f .\CortexM3\ARM_GCC_541\Debug\Node-Rhinoceros.a(cyPm.o)
 .comment       0x0000006e       0x6f .\CortexM3\ARM_GCC_541\Debug\Node-Rhinoceros.a(LCD.o)
 .comment       0x0000006e       0x6f .\CortexM3\ARM_GCC_541\Debug\Node-Rhinoceros.a(CAN.o)
 .comment       0x0000006e       0x6f .\CortexM3\ARM_GCC_541\Debug\Node-Rhinoceros.a(CAN_INT.o)
 .comment       0x0000006e       0x6f .\CortexM3\ARM_GCC_541\Debug\Node-Rhinoceros.a(CAN_TX_RX_func.o)
 .comment       0x0000006e       0x6f .\CortexM3\ARM_GCC_541\Debug\Node-Rhinoceros.a(CyFlash.o)
 .comment       0x0000006e       0x6f .\CortexM3\ARM_GCC_541\Debug\Node-Rhinoceros.a(CySpc.o)

.debug_weaknames
 *(.debug_weaknames)

.debug_funcnames
 *(.debug_funcnames)

.debug_typenames
 *(.debug_typenames)

.debug_varnames
 *(.debug_varnames)

.note.gnu.arm.ident
 *(.note.gnu.arm.ident)

.ARM.attributes
                0x00000000       0x29
 *(.ARM.attributes)
 .ARM.attributes
                0x00000000       0x1d c:/program files (x86)/cypress/psoc creator/4.2/psoc creator/import/gnu/arm/5.4.1/bin/../lib/gcc/arm-none-eabi/5.4.1/armv7-m/crti.o
 .ARM.attributes
                0x0000001d       0x2d c:/program files (x86)/cypress/psoc creator/4.2/psoc creator/import/gnu/arm/5.4.1/bin/../lib/gcc/arm-none-eabi/5.4.1/armv7-m/crtbegin.o
 .ARM.attributes
                0x0000004a       0x1b c:/program files (x86)/cypress/psoc creator/4.2/psoc creator/import/gnu/arm/5.4.1/bin/../lib/gcc/arm-none-eabi/5.4.1/../../../../arm-none-eabi/lib/armv7-m/crt0.o
 .ARM.attributes
                0x00000065       0x33 .\CortexM3\ARM_GCC_541\Debug\main.o
 .ARM.attributes
                0x00000098       0x33 .\CortexM3\ARM_GCC_541\Debug\can_manager.o
 .ARM.attributes
                0x000000cb       0x33 .\CortexM3\ARM_GCC_541\Debug\lcd_manager.o
 .ARM.attributes
                0x000000fe       0x33 .\CortexM3\ARM_GCC_541\Debug\cyfitter_cfg.o
 .ARM.attributes
                0x00000131       0x33 .\CortexM3\ARM_GCC_541\Debug\cymetadata.o
 .ARM.attributes
                0x00000164       0x33 .\CortexM3\ARM_GCC_541\Debug\Cm3Start.o
 .ARM.attributes
                0x00000197       0x33 .\CortexM3\ARM_GCC_541\Debug\Node-Rhinoceros.a(CyLib.o)
 .ARM.attributes
                0x000001ca       0x33 .\CortexM3\ARM_GCC_541\Debug\Node-Rhinoceros.a(cyPm.o)
 .ARM.attributes
                0x000001fd       0x33 .\CortexM3\ARM_GCC_541\Debug\Node-Rhinoceros.a(LCD.o)
 .ARM.attributes
                0x00000230       0x33 .\CortexM3\ARM_GCC_541\Debug\Node-Rhinoceros.a(CAN.o)
 .ARM.attributes
                0x00000263       0x33 .\CortexM3\ARM_GCC_541\Debug\Node-Rhinoceros.a(CAN_INT.o)
 .ARM.attributes
                0x00000296       0x33 .\CortexM3\ARM_GCC_541\Debug\Node-Rhinoceros.a(CAN_TX_RX_func.o)
 .ARM.attributes
                0x000002c9       0x21 .\CortexM3\ARM_GCC_541\Debug\Node-Rhinoceros.a(CyBootAsmGnu.o)
 .ARM.attributes
                0x000002ea       0x33 .\CortexM3\ARM_GCC_541\Debug\Node-Rhinoceros.a(CyFlash.o)
 .ARM.attributes
                0x0000031d       0x33 .\CortexM3\ARM_GCC_541\Debug\Node-Rhinoceros.a(CySpc.o)
 .ARM.attributes
                0x00000350       0x2d c:/program files (x86)/cypress/psoc creator/4.2/psoc creator/import/gnu/arm/5.4.1/bin/../lib/gcc/arm-none-eabi/5.4.1/../../../../arm-none-eabi/lib/armv7-m\libg_nano.a(lib_a-errno.o)
 .ARM.attributes
                0x0000037d       0x2d c:/program files (x86)/cypress/psoc creator/4.2/psoc creator/import/gnu/arm/5.4.1/bin/../lib/gcc/arm-none-eabi/5.4.1/../../../../arm-none-eabi/lib/armv7-m\libg_nano.a(lib_a-exit.o)
 .ARM.attributes
                0x000003aa       0x2d c:/program files (x86)/cypress/psoc creator/4.2/psoc creator/import/gnu/arm/5.4.1/bin/../lib/gcc/arm-none-eabi/5.4.1/../../../../arm-none-eabi/lib/armv7-m\libg_nano.a(lib_a-impure.o)
 .ARM.attributes
                0x000003d7       0x2d c:/program files (x86)/cypress/psoc creator/4.2/psoc creator/import/gnu/arm/5.4.1/bin/../lib/gcc/arm-none-eabi/5.4.1/../../../../arm-none-eabi/lib/armv7-m\libg_nano.a(lib_a-init.o)
 .ARM.attributes
                0x00000404       0x2d c:/program files (x86)/cypress/psoc creator/4.2/psoc creator/import/gnu/arm/5.4.1/bin/../lib/gcc/arm-none-eabi/5.4.1/../../../../arm-none-eabi/lib/armv7-m\libg_nano.a(lib_a-memcpy-stub.o)
 .ARM.attributes
                0x00000431       0x2d c:/program files (x86)/cypress/psoc creator/4.2/psoc creator/import/gnu/arm/5.4.1/bin/../lib/gcc/arm-none-eabi/5.4.1/../../../../arm-none-eabi/lib/armv7-m\libg_nano.a(lib_a-memset.o)
 .ARM.attributes
                0x0000045e       0x2d c:/program files (x86)/cypress/psoc creator/4.2/psoc creator/import/gnu/arm/5.4.1/bin/../lib/gcc/arm-none-eabi/5.4.1/../../../../arm-none-eabi/lib/armv7-m\libg_nano.a(lib_a-sprintf.o)
 .ARM.attributes
                0x0000048b       0x2d c:/program files (x86)/cypress/psoc creator/4.2/psoc creator/import/gnu/arm/5.4.1/bin/../lib/gcc/arm-none-eabi/5.4.1/../../../../arm-none-eabi/lib/armv7-m\libg_nano.a(lib_a-nano-svfprintf.o)
 .ARM.attributes
                0x000004b8       0x2d c:/program files (x86)/cypress/psoc creator/4.2/psoc creator/import/gnu/arm/5.4.1/bin/../lib/gcc/arm-none-eabi/5.4.1/../../../../arm-none-eabi/lib/armv7-m\libg_nano.a(lib_a-nano-vfprintf_i.o)
 .ARM.attributes
                0x000004e5       0x2d c:/program files (x86)/cypress/psoc creator/4.2/psoc creator/import/gnu/arm/5.4.1/bin/../lib/gcc/arm-none-eabi/5.4.1/../../../../arm-none-eabi/lib/armv7-m\libg_nano.a(lib_a-memchr-stub.o)
 .ARM.attributes
                0x00000512       0x2d c:/program files (x86)/cypress/psoc creator/4.2/psoc creator/import/gnu/arm/5.4.1/bin/../lib/gcc/arm-none-eabi/5.4.1/../../../../arm-none-eabi/lib/armv7-m\libg_nano.a(lib_a-memmove.o)
 .ARM.attributes
                0x0000053f       0x2d c:/program files (x86)/cypress/psoc creator/4.2/psoc creator/import/gnu/arm/5.4.1/bin/../lib/gcc/arm-none-eabi/5.4.1/../../../../arm-none-eabi/lib/armv7-m\libg_nano.a(lib_a-nano-freer.o)
 .ARM.attributes
                0x0000056c       0x2d c:/program files (x86)/cypress/psoc creator/4.2/psoc creator/import/gnu/arm/5.4.1/bin/../lib/gcc/arm-none-eabi/5.4.1/../../../../arm-none-eabi/lib/armv7-m\libg_nano.a(lib_a-nano-mallocr.o)
 .ARM.attributes
                0x00000599       0x2d c:/program files (x86)/cypress/psoc creator/4.2/psoc creator/import/gnu/arm/5.4.1/bin/../lib/gcc/arm-none-eabi/5.4.1/../../../../arm-none-eabi/lib/armv7-m\libg_nano.a(lib_a-nano-reallocr.o)
 .ARM.attributes
                0x000005c6       0x2d c:/program files (x86)/cypress/psoc creator/4.2/psoc creator/import/gnu/arm/5.4.1/bin/../lib/gcc/arm-none-eabi/5.4.1/../../../../arm-none-eabi/lib/armv7-m\libg_nano.a(lib_a-sbrkr.o)
 .ARM.attributes
                0x000005f3       0x2d c:/program files (x86)/cypress/psoc creator/4.2/psoc creator/import/gnu/arm/5.4.1/bin/../lib/gcc/arm-none-eabi/5.4.1/../../../../arm-none-eabi/lib/armv7-m\libg_nano.a(lib_a-mlock.o)
 .ARM.attributes
                0x00000620       0x2d c:/program files (x86)/cypress/psoc creator/4.2/psoc creator/import/gnu/arm/5.4.1/bin/../lib/gcc/arm-none-eabi/5.4.1/../../../../arm-none-eabi/lib/armv7-m\libg_nano.a(lib_a-nano-msizer.o)
 .ARM.attributes
                0x0000064d       0x2d c:/program files (x86)/cypress/psoc creator/4.2/psoc creator/import/gnu/arm/5.4.1/bin/../lib/gcc/arm-none-eabi/5.4.1/../../../../arm-none-eabi/lib/armv7-m\libg_nano.a(lib_a-reent.o)
 .ARM.attributes
                0x0000067a       0x2d c:/program files (x86)/cypress/psoc creator/4.2/psoc creator/import/gnu/arm/5.4.1/bin/../lib/gcc/arm-none-eabi/5.4.1/armv7-m/crtend.o
 .ARM.attributes
                0x000006a7       0x1d c:/program files (x86)/cypress/psoc creator/4.2/psoc creator/import/gnu/arm/5.4.1/bin/../lib/gcc/arm-none-eabi/5.4.1/armv7-m/crtn.o

/DISCARD/
 *(.note.GNU-stack)
OUTPUT(C:\Node-Rhinosaurous\Node-Rhinoceros\Node-Rhinoceros.cydsn\CortexM3\ARM_GCC_541\Debug\Node-Rhinoceros.elf elf32-littlearm)
